Archive member included to satisfy reference by file (symbol)

D:/stm32cubeide/STM32CubeIDE_1.16.0/STM32CubeIDE/plugins/com.st.stm32cube.ide.mcu.externaltools.gnu-tools-for-stm32.12.3.rel1.win32_1.0.200.202406191623/tools/bin/../lib/gcc/arm-none-eabi/12.3.1/../../../../arm-none-eabi/lib/thumb/v7e-m+dp/hard\libc_nano.a(libc_a-exit.o)
                              D:/stm32cubeide/STM32CubeIDE_1.16.0/STM32CubeIDE/plugins/com.st.stm32cube.ide.mcu.externaltools.gnu-tools-for-stm32.12.3.rel1.win32_1.0.200.202406191623/tools/bin/../lib/gcc/arm-none-eabi/12.3.1/../../../../arm-none-eabi/lib/thumb/v7e-m+dp/hard/crt0.o (exit)
D:/stm32cubeide/STM32CubeIDE_1.16.0/STM32CubeIDE/plugins/com.st.stm32cube.ide.mcu.externaltools.gnu-tools-for-stm32.12.3.rel1.win32_1.0.200.202406191623/tools/bin/../lib/gcc/arm-none-eabi/12.3.1/../../../../arm-none-eabi/lib/thumb/v7e-m+dp/hard\libc_nano.a(libc_a-findfp.o)
                              D:/stm32cubeide/STM32CubeIDE_1.16.0/STM32CubeIDE/plugins/com.st.stm32cube.ide.mcu.externaltools.gnu-tools-for-stm32.12.3.rel1.win32_1.0.200.202406191623/tools/bin/../lib/gcc/arm-none-eabi/12.3.1/../../../../arm-none-eabi/lib/thumb/v7e-m+dp/hard\libc_nano.a(libc_a-exit.o) (__stdio_exit_handler)
D:/stm32cubeide/STM32CubeIDE_1.16.0/STM32CubeIDE/plugins/com.st.stm32cube.ide.mcu.externaltools.gnu-tools-for-stm32.12.3.rel1.win32_1.0.200.202406191623/tools/bin/../lib/gcc/arm-none-eabi/12.3.1/../../../../arm-none-eabi/lib/thumb/v7e-m+dp/hard\libc_nano.a(libc_a-fwalk.o)
                              D:/stm32cubeide/STM32CubeIDE_1.16.0/STM32CubeIDE/plugins/com.st.stm32cube.ide.mcu.externaltools.gnu-tools-for-stm32.12.3.rel1.win32_1.0.200.202406191623/tools/bin/../lib/gcc/arm-none-eabi/12.3.1/../../../../arm-none-eabi/lib/thumb/v7e-m+dp/hard\libc_nano.a(libc_a-findfp.o) (_fwalk_sglue)
D:/stm32cubeide/STM32CubeIDE_1.16.0/STM32CubeIDE/plugins/com.st.stm32cube.ide.mcu.externaltools.gnu-tools-for-stm32.12.3.rel1.win32_1.0.200.202406191623/tools/bin/../lib/gcc/arm-none-eabi/12.3.1/../../../../arm-none-eabi/lib/thumb/v7e-m+dp/hard\libc_nano.a(libc_a-printf.o)
                              ./Core/Src/main.o (printf)
D:/stm32cubeide/STM32CubeIDE_1.16.0/STM32CubeIDE/plugins/com.st.stm32cube.ide.mcu.externaltools.gnu-tools-for-stm32.12.3.rel1.win32_1.0.200.202406191623/tools/bin/../lib/gcc/arm-none-eabi/12.3.1/../../../../arm-none-eabi/lib/thumb/v7e-m+dp/hard\libc_nano.a(libc_a-stdio.o)
                              D:/stm32cubeide/STM32CubeIDE_1.16.0/STM32CubeIDE/plugins/com.st.stm32cube.ide.mcu.externaltools.gnu-tools-for-stm32.12.3.rel1.win32_1.0.200.202406191623/tools/bin/../lib/gcc/arm-none-eabi/12.3.1/../../../../arm-none-eabi/lib/thumb/v7e-m+dp/hard\libc_nano.a(libc_a-findfp.o) (__sread)
D:/stm32cubeide/STM32CubeIDE_1.16.0/STM32CubeIDE/plugins/com.st.stm32cube.ide.mcu.externaltools.gnu-tools-for-stm32.12.3.rel1.win32_1.0.200.202406191623/tools/bin/../lib/gcc/arm-none-eabi/12.3.1/../../../../arm-none-eabi/lib/thumb/v7e-m+dp/hard\libc_nano.a(libc_a-memmove.o)
                              ./Core/nn/PoolingFunctions/arm_pool_asym_uint8_HWC.o (memmove)
D:/stm32cubeide/STM32CubeIDE_1.16.0/STM32CubeIDE/plugins/com.st.stm32cube.ide.mcu.externaltools.gnu-tools-for-stm32.12.3.rel1.win32_1.0.200.202406191623/tools/bin/../lib/gcc/arm-none-eabi/12.3.1/../../../../arm-none-eabi/lib/thumb/v7e-m+dp/hard\libc_nano.a(libc_a-memset.o)
                              D:/stm32cubeide/STM32CubeIDE_1.16.0/STM32CubeIDE/plugins/com.st.stm32cube.ide.mcu.externaltools.gnu-tools-for-stm32.12.3.rel1.win32_1.0.200.202406191623/tools/bin/../lib/gcc/arm-none-eabi/12.3.1/../../../../arm-none-eabi/lib/thumb/v7e-m+dp/hard/crt0.o (memset)
D:/stm32cubeide/STM32CubeIDE_1.16.0/STM32CubeIDE/plugins/com.st.stm32cube.ide.mcu.externaltools.gnu-tools-for-stm32.12.3.rel1.win32_1.0.200.202406191623/tools/bin/../lib/gcc/arm-none-eabi/12.3.1/../../../../arm-none-eabi/lib/thumb/v7e-m+dp/hard\libc_nano.a(libc_a-closer.o)
                              D:/stm32cubeide/STM32CubeIDE_1.16.0/STM32CubeIDE/plugins/com.st.stm32cube.ide.mcu.externaltools.gnu-tools-for-stm32.12.3.rel1.win32_1.0.200.202406191623/tools/bin/../lib/gcc/arm-none-eabi/12.3.1/../../../../arm-none-eabi/lib/thumb/v7e-m+dp/hard\libc_nano.a(libc_a-stdio.o) (_close_r)
D:/stm32cubeide/STM32CubeIDE_1.16.0/STM32CubeIDE/plugins/com.st.stm32cube.ide.mcu.externaltools.gnu-tools-for-stm32.12.3.rel1.win32_1.0.200.202406191623/tools/bin/../lib/gcc/arm-none-eabi/12.3.1/../../../../arm-none-eabi/lib/thumb/v7e-m+dp/hard\libc_nano.a(libc_a-reent.o)
                              D:/stm32cubeide/STM32CubeIDE_1.16.0/STM32CubeIDE/plugins/com.st.stm32cube.ide.mcu.externaltools.gnu-tools-for-stm32.12.3.rel1.win32_1.0.200.202406191623/tools/bin/../lib/gcc/arm-none-eabi/12.3.1/../../../../arm-none-eabi/lib/thumb/v7e-m+dp/hard\libc_nano.a(libc_a-closer.o) (errno)
[...]
Memory Configuration

Name             Origin             Length             Attributes
FLASH            0x08000000         0x00200000         xr
DTCMRAM          0x20000000         0x00020000         xrw
RAM_D1           0x24000000         0x00080000         xrw
RAM_D2           0x30000000         0x00048000         xrw
RAM_D3           0x38000000         0x00010000         xrw
ITCMRAM          0x00000000         0x00010000         xrw
*default*        0x00000000         0xffffffff

Linker script and memory map

LOAD D:/stm32cubeide/STM32CubeIDE_1.16.0/STM32CubeIDE/plugins/com.st.stm32cube.ide.mcu.externaltools.gnu-tools-for-stm32.12.3.rel1.win32_1.0.200.202406191623/tools/bin/../lib/gcc/arm-none-eabi/12.3.1/thumb/v7e-m+dp/hard/crti.o
LOAD D:/stm32cubeide/STM32CubeIDE_1.16.0/STM32CubeIDE/plugins/com.st.stm32cube.ide.mcu.externaltools.gnu-tools-for-stm32.12.3.rel1.win32_1.0.200.202406191623/tools/bin/../lib/gcc/arm-none-eabi/12.3.1/thumb/v7e-m+dp/hard/crtbegin.o
LOAD D:/stm32cubeide/STM32CubeIDE_1.16.0/STM32CubeIDE/plugins/com.st.stm32cube.ide.mcu.externaltools.gnu-tools-for-stm32.12.3.rel1.win32_1.0.200.202406191623/tools/bin/../lib/gcc/arm-none-eabi/12.3.1/../../../../arm-none-eabi/lib/thumb/v7e-m+dp/hard/crt0.o
LOAD ./Core/Src/main.o
LOAD ./Core/Src/stm32h7xx_hal_msp.o
LOAD ./Core/Src/stm32h7xx_it.o
LOAD ./Core/Src/syscalls.o
LOAD ./Core/Src/sysmem.o
LOAD ./Core/Src/system_stm32h7xx.o
LOAD ./Core/Startup/startup_stm32h743zitx.o
LOAD ./Core/nn/ActivationFunctions/arm_nn_activations_q15.o
LOAD ./Core/nn/ActivationFunctions/arm_nn_activations_q7.o
LOAD ./Core/nn/ActivationFunctions/arm_relu_q15.o
LOAD ./Core/nn/ActivationFunctions/arm_relu_q7.o
LOAD ./Core/nn/ConvolutionFunctions/arm_convolve_1x1_HWC_q7_fast_nonsquare.o
LOAD ./Core/nn/ConvolutionFunctions/arm_convolve_HWC_asym_uint8.o
LOAD ./Core/nn/ConvolutionFunctions/arm_convolve_HWC_int1.o
LOAD ./Core/nn/ConvolutionFunctions/arm_convolve_HWC_int2.o
LOAD ./Core/nn/ConvolutionFunctions/arm_convolve_HWC_int4.o
LOAD ./Core/nn/ConvolutionFunctions/arm_convolve_HWC_q15_basic.o
LOAD ./Core/nn/ConvolutionFunctions/arm_convolve_HWC_q15_fast.o
LOAD ./Core/nn/ConvolutionFunctions/arm_convolve_HWC_q15_fast_nonsquare.o
LOAD ./Core/nn/ConvolutionFunctions/arm_convolve_HWC_q7_RGB.o
LOAD ./Core/nn/ConvolutionFunctions/arm_convolve_HWC_q7_basic.o
LOAD ./Core/nn/ConvolutionFunctions/arm_convolve_HWC_q7_basic_nonsquare.o
LOAD ./Core/nn/ConvolutionFunctions/arm_convolve_HWC_q7_fast.o
LOAD ./Core/nn/ConvolutionFunctions/arm_convolve_HWC_q7_fast_nonsquare.o
LOAD ./Core/nn/ConvolutionFunctions/arm_depthwise_separable_conv_HWC_asym_uint8.o
LOAD ./Core/nn/ConvolutionFunctions/arm_depthwise_separable_conv_HWC_q7.o
LOAD ./Core/nn/ConvolutionFunctions/arm_depthwise_separable_conv_HWC_q7_nonsquare.o
LOAD ./Core/nn/ConvolutionFunctions/arm_nn_mat_mult_kernel_asym_uint8_int16_reordered.o
LOAD ./Core/nn/ConvolutionFunctions/arm_nn_mat_mult_kernel_int1_reordered.o
LOAD ./Core/nn/ConvolutionFunctions/arm_nn_mat_mult_kernel_int2_int16_reordered.o
LOAD ./Core/nn/ConvolutionFunctions/arm_nn_mat_mult_kernel_int4_int16_reordered.o
LOAD ./Core/nn/ConvolutionFunctions/arm_nn_mat_mult_kernel_q7_q15.o
LOAD ./Core/nn/ConvolutionFunctions/arm_nn_mat_mult_kernel_q7_q15_reordered.o
LOAD ./Core/nn/FullyConnectedFunctions/arm_fully_connected_asym_uint8.o
LOAD ./Core/nn/FullyConnectedFunctions/arm_fully_connected_mat_q7_vec_q15.o
LOAD ./Core/nn/FullyConnectedFunctions/arm_fully_connected_mat_q7_vec_q15_opt.o
LOAD ./Core/nn/FullyConnectedFunctions/arm_fully_connected_q15.o
LOAD ./Core/nn/FullyConnectedFunctions/arm_fully_connected_q15_opt.o
LOAD ./Core/nn/FullyConnectedFunctions/arm_fully_connected_q7.o
LOAD ./Core/nn/FullyConnectedFunctions/arm_fully_connected_q7_opt.o
LOAD ./Core/nn/NNSupportFunctions/arm_asym_uint8_to_int16_no_shift.o
LOAD ./Core/nn/NNSupportFunctions/arm_asym_uint8_to_int16_reordered_no_shift.o
LOAD ./Core/nn/NNSupportFunctions/arm_int2_to_int16_reordered_no_shift.o
LOAD ./Core/nn/NNSupportFunctions/arm_int4_to_int16_reordered_no_shift.o
LOAD ./Core/nn/NNSupportFunctions/arm_nn_mult_q15.o
LOAD ./Core/nn/NNSupportFunctions/arm_nn_mult_q7.o
LOAD ./Core/nn/NNSupportFunctions/arm_nntables.o
LOAD ./Core/nn/NNSupportFunctions/arm_q7_to_q15_no_shift.o
LOAD ./Core/nn/NNSupportFunctions/arm_q7_to_q15_reordered_no_shift.o
LOAD ./Core/nn/PoolingFunctions/arm_pool_asym_uint8_HWC.o
LOAD ./Core/nn/PoolingFunctions/arm_pool_q7_HWC.o
LOAD ./Core/nn/SoftmaxFunctions/arm_softmax_q15.o
LOAD ./Core/nn/SoftmaxFunctions/arm_softmax_q7.o
LOAD ./Drivers/STM32H7xx_HAL_Driver/Src/stm32h7xx_hal.o
LOAD ./Drivers/STM32H7xx_HAL_Driver/Src/stm32h7xx_hal_cortex.o
LOAD ./Drivers/STM32H7xx_HAL_Driver/Src/stm32h7xx_hal_dma.o
LOAD ./Drivers/STM32H7xx_HAL_Driver/Src/stm32h7xx_hal_dma_ex.o
LOAD ./Drivers/STM32H7xx_HAL_Driver/Src/stm32h7xx_hal_eth.o
LOAD ./Drivers/STM32H7xx_HAL_Driver/Src/stm32h7xx_hal_eth_ex.o
LOAD ./Drivers/STM32H7xx_HAL_Driver/Src/stm32h7xx_hal_exti.o
LOAD ./Drivers/STM32H7xx_HAL_Driver/Src/stm32h7xx_hal_flash.o
LOAD ./Drivers/STM32H7xx_HAL_Driver/Src/stm32h7xx_hal_flash_ex.o
LOAD ./Drivers/STM32H7xx_HAL_Driver/Src/stm32h7xx_hal_gpio.o
LOAD ./Drivers/STM32H7xx_HAL_Driver/Src/stm32h7xx_hal_hsem.o
LOAD ./Drivers/STM32H7xx_HAL_Driver/Src/stm32h7xx_hal_i2c.o
LOAD ./Drivers/STM32H7xx_HAL_Driver/Src/stm32h7xx_hal_i2c_ex.o
LOAD ./Drivers/STM32H7xx_HAL_Driver/Src/stm32h7xx_hal_mdma.o
LOAD ./Drivers/STM32H7xx_HAL_Driver/Src/stm32h7xx_hal_pcd.o
LOAD ./Drivers/STM32H7xx_HAL_Driver/Src/stm32h7xx_hal_pcd_ex.o
LOAD ./Drivers/STM32H7xx_HAL_Driver/Src/stm32h7xx_hal_pwr.o
LOAD ./Drivers/STM32H7xx_HAL_Driver/Src/stm32h7xx_hal_pwr_ex.o
LOAD ./Drivers/STM32H7xx_HAL_Driver/Src/stm32h7xx_hal_rcc.o
LOAD ./Drivers/STM32H7xx_HAL_Driver/Src/stm32h7xx_hal_rcc_ex.o
LOAD ./Drivers/STM32H7xx_HAL_Driver/Src/stm32h7xx_hal_tim.o
LOAD ./Drivers/STM32H7xx_HAL_Driver/Src/stm32h7xx_hal_tim_ex.o
LOAD ./Drivers/STM32H7xx_HAL_Driver/Src/stm32h7xx_hal_uart.o
LOAD ./Drivers/STM32H7xx_HAL_Driver/Src/stm32h7xx_hal_uart_ex.o
LOAD ./Drivers/STM32H7xx_HAL_Driver/Src/stm32h7xx_ll_usb.o
START GROUP
LOAD D:/stm32cubeide/STM32CubeIDE_1.16.0/STM32CubeIDE/plugins/com.st.stm32cube.ide.mcu.externaltools.gnu-tools-for-stm32.12.3.rel1.win32_1.0.200.202406191623/tools/bin/../lib/gcc/arm-none-eabi/12.3.1/../../../../arm-none-eabi/lib/thumb/v7e-m+dp/hard\libc_nano.a
LOAD D:/stm32cubeide/STM32CubeIDE_1.16.0/STM32CubeIDE/plugins/com.st.stm32cube.ide.mcu.externaltools.gnu-tools-for-stm32.12.3.rel1.win32_1.0.200.202406191623/tools/bin/../lib/gcc/arm-none-eabi/12.3.1/../../../../arm-none-eabi/lib/thumb/v7e-m+dp/hard\libm.a
END GROUP
START GROUP
LOAD D:/stm32cubeide/STM32CubeIDE_1.16.0/STM32CubeIDE/plugins/com.st.stm32cube.ide.mcu.externaltools.gnu-tools-for-stm32.12.3.rel1.win32_1.0.200.202406191623/tools/bin/../lib/gcc/arm-none-eabi/12.3.1/thumb/v7e-m+dp/hard\libgcc.a
LOAD D:/stm32cubeide/STM32CubeIDE_1.16.0/STM32CubeIDE/plugins/com.st.stm32cube.ide.mcu.externaltools.gnu-tools-for-stm32.12.3.rel1.win32_1.0.200.202406191623/tools/bin/../lib/gcc/arm-none-eabi/12.3.1/../../../../arm-none-eabi/lib/thumb/v7e-m+dp/hard\libc_nano.a
END GROUP
START GROUP
LOAD D:/stm32cubeide/STM32CubeIDE_1.16.0/STM32CubeIDE/plugins/com.st.stm32cube.ide.mcu.externaltools.gnu-tools-for-stm32.12.3.rel1.win32_1.0.200.202406191623/tools/bin/../lib/gcc/arm-none-eabi/12.3.1/thumb/v7e-m+dp/hard\libgcc.a
LOAD D:/stm32cubeide/STM32CubeIDE_1.16.0/STM32CubeIDE/plugins/com.st.stm32cube.ide.mcu.externaltools.gnu-tools-for-stm32.12.3.rel1.win32_1.0.200.202406191623/tools/bin/../lib/gcc/arm-none-eabi/12.3.1/../../../../arm-none-eabi/lib/thumb/v7e-m+dp/hard\libc_nano.a
LOAD D:/stm32cubeide/STM32CubeIDE_1.16.0/STM32CubeIDE/plugins/com.st.stm32cube.ide.mcu.externaltools.gnu-tools-for-stm32.12.3.rel1.win32_1.0.200.202406191623/tools/bin/../lib/gcc/arm-none-eabi/12.3.1/../../../../arm-none-eabi/lib/thumb/v7e-m+dp/hard\libnosys.a
END GROUP
START GROUP
LOAD D:/stm32cubeide/STM32CubeIDE_1.16.0/STM32CubeIDE/plugins/com.st.stm32cube.ide.mcu.externaltools.gnu-tools-for-stm32.12.3.rel1.win32_1.0.200.202406191623/tools/bin/../lib/gcc/arm-none-eabi/12.3.1/thumb/v7e-m+dp/hard\libgcc.a
LOAD D:/stm32cubeide/STM32CubeIDE_1.16.0/STM32CubeIDE/plugins/com.st.stm32cube.ide.mcu.externaltools.gnu-tools-for-stm32.12.3.rel1.win32_1.0.200.202406191623/tools/bin/../lib/gcc/arm-none-eabi/12.3.1/../../../../arm-none-eabi/lib/thumb/v7e-m+dp/hard\libc_nano.a
LOAD D:/stm32cubeide/STM32CubeIDE_1.16.0/STM32CubeIDE/plugins/com.st.stm32cube.ide.mcu.externaltools.gnu-tools-for-stm32.12.3.rel1.win32_1.0.200.202406191623/tools/bin/../lib/gcc/arm-none-eabi/12.3.1/../../../../arm-none-eabi/lib/thumb/v7e-m+dp/hard\libnosys.a
END GROUP
LOAD D:/stm32cubeide/STM32CubeIDE_1.16.0/STM32CubeIDE/plugins/com.st.stm32cube.ide.mcu.externaltools.gnu-tools-for-stm32.12.3.rel1.win32_1.0.200.202406191623/tools/bin/../lib/gcc/arm-none-eabi/12.3.1/thumb/v7e-m+dp/hard/crtend.o
LOAD D:/stm32cubeide/STM32CubeIDE_1.16.0/STM32CubeIDE/plugins/com.st.stm32cube.ide.mcu.externaltools.gnu-tools-for-stm32.12.3.rel1.win32_1.0.200.202406191623/tools/bin/../lib/gcc/arm-none-eabi/12.3.1/thumb/v7e-m+dp/hard/crtn.o
                0x24080000                        _estack = (ORIGIN (RAM_D1) + LENGTH (RAM_D1))
                0x00000200                        _Min_Heap_Size = 0x200
                0x00000400                        _Min_Stack_Size = 0x400

.isr_vector     0x08000000      0x298
                0x08000000                        . = ALIGN (0x4)
 *(.isr_vector)
 .isr_vector    0x08000000      0x298 ./Core/Startup/startup_stm32h743zitx.o
                0x08000000                g_pfnVectors
                0x08000298                        . = ALIGN (0x4)

.text           0x080002a0     0xb64c
                0x080002a0                        . = ALIGN (0x4)
 *(.text)
 .text          0x080002a0       0x40 D:/stm32cubeide/STM32CubeIDE_1.16.0/STM32CubeIDE/plugins/com.st.stm32cube.ide.mcu.externaltools.gnu-tools-for-stm32.12.3.rel1.win32_1.0.200.202406191623/tools/bin/../lib/gcc/arm-none-eabi/12.3.1/thumb/v7e-m+dp/hard/crtbegin.o
 .text          0x080002e0       0xa0 D:/stm32cubeide/STM32CubeIDE_1.16.0/STM32CubeIDE/plugins/com.st.stm32cube.ide.mcu.externaltools.gnu-tools-for-stm32.12.3.rel1.win32_1.0.200.202406191623/tools/bin/../lib/gcc/arm-none-eabi/12.3.1/../../../../arm-none-eabi/lib/thumb/v7e-m+dp/hard\libc_nano.a(libc_a-memchr.o)
                0x080002e0                memchr
 .text          0x08000380       0x30 D:/stm32cubeide/STM32CubeIDE_1.16.0/STM32CubeIDE/plugins/com.st.stm32cube.ide.mcu.externaltools.gnu-tools-for-stm32.12.3.rel1.win32_1.0.200.202406191623/tools/bin/../lib/gcc/arm-none-eabi/12.3.1/thumb/v7e-m+dp/hard\libgcc.a(_aeabi_uldivmod.o)
                0x08000380                __aeabi_uldivmod
 .text          0x080003b0      0x2bc D:/stm32cubeide/STM32CubeIDE_1.16.0/STM32CubeIDE/plugins/com.st.stm32cube.ide.mcu.externaltools.gnu-tools-for-stm32.12.3.rel1.win32_1.0.200.202406191623/tools/bin/../lib/gcc/arm-none-eabi/12.3.1/thumb/v7e-m+dp/hard\libgcc.a(_udivmoddi4.o)
                0x080003b0                __udivmoddi4
 .text          0x0800066c        0x4 D:/stm32cubeide/STM32CubeIDE_1.16.0/STM32CubeIDE/plugins/com.st.stm32cube.ide.mcu.externaltools.gnu-tools-for-stm32.12.3.rel1.win32_1.0.200.202406191623/tools/bin/../lib/gcc/arm-none-eabi/12.3.1/thumb/v7e-m+dp/hard\libgcc.a(_dvmd_tls.o)
                0x0800066c                __aeabi_idiv0
                0x0800066c                __aeabi_ldiv0
 *(.text*)
 .text.__io_putchar
                0x08000670       0x24 ./Core/Src/main.o
                0x08000670                __io_putchar
 .text.main     0x08000694     0x12e0 ./Core/Src/main.o
                0x08000694                main
 .text.SystemClock_Config
                0x08001974      0x15c ./Core/Src/main.o
                0x08001974                SystemClock_Config
 .text.MX_ETH_Init
                0x08001ad0       0x98 ./Core/Src/main.o
 .text.MX_USART3_UART_Init
                0x08001b68       0x98 ./Core/Src/main.o
 .text.MX_USB_OTG_FS_PCD_Init
                0x08001c00       0x64 ./Core/Src/main.o
 .text.MX_GPIO_Init
                0x08001c64      0x168 ./Core/Src/main.o
 .text.Error_Handler
                0x08001dcc        0xc ./Core/Src/main.o
                0x08001dcc                Error_Handler
 .text.HAL_MspInit
                0x08001dd8       0x34 ./Core/Src/stm32h7xx_hal_msp.o
                0x08001dd8                HAL_MspInit
 .text.HAL_ETH_MspInit
                0x08001e0c      0x19c ./Core/Src/stm32h7xx_hal_msp.o
                0x08001e0c                HAL_ETH_MspInit
 .text.HAL_UART_MspInit
                0x08001fa8       0xd4 ./Core/Src/stm32h7xx_hal_msp.o
                0x08001fa8                HAL_UART_MspInit
 .text.HAL_PCD_MspInit
                0x0800207c       0xf8 ./Core/Src/stm32h7xx_hal_msp.o
                0x0800207c                HAL_PCD_MspInit
 .text.NMI_Handler
                0x08002174        0x8 ./Core/Src/stm32h7xx_it.o
                0x08002174                NMI_Handler
 .text.HardFault_Handler
                0x0800217c        0x8 ./Core/Src/stm32h7xx_it.o
                0x0800217c                HardFault_Handler
 .text.MemManage_Handler
                0x08002184        0x8 ./Core/Src/stm32h7xx_it.o
                0x08002184                MemManage_Handler
 .text.BusFault_Handler
                0x0800218c        0x8 ./Core/Src/stm32h7xx_it.o
                0x0800218c                BusFault_Handler
 .text.UsageFault_Handler
                0x08002194        0x8 ./Core/Src/stm32h7xx_it.o
                0x08002194                UsageFault_Handler
 .text.SVC_Handler
                0x0800219c        0xe ./Core/Src/stm32h7xx_it.o
                0x0800219c                SVC_Handler
 .text.DebugMon_Handler
                0x080021aa        0xe ./Core/Src/stm32h7xx_it.o
                0x080021aa                DebugMon_Handler
 .text.PendSV_Handler
                0x080021b8        0xe ./Core/Src/stm32h7xx_it.o
                0x080021b8                PendSV_Handler
 .text.SysTick_Handler
                0x080021c6        0xc ./Core/Src/stm32h7xx_it.o
                0x080021c6                SysTick_Handler
 .text._read    0x080021d2       0x3a ./Core/Src/syscalls.o
                0x080021d2                _read
 .text._write   0x0800220c       0x38 ./Core/Src/syscalls.o
                0x0800220c                _write
 .text._close   0x08002244       0x18 ./Core/Src/syscalls.o
                0x08002244                _close
 .text._fstat   0x0800225c       0x20 ./Core/Src/syscalls.o
                0x0800225c                _fstat
 .text._isatty  0x0800227c       0x16 ./Core/Src/syscalls.o
                0x0800227c                _isatty
 .text._lseek   0x08002292       0x1a ./Core/Src/syscalls.o
                0x08002292                _lseek
 .text._sbrk    0x080022ac       0x6c ./Core/Src/sysmem.o
                0x080022ac                _sbrk
 .text.SystemInit
                0x08002318      0x110 ./Core/Src/system_stm32h7xx.o
                0x08002318                SystemInit
 .text.Reset_Handler
                0x08002428       0x50 ./Core/Startup/startup_stm32h743zitx.o
                0x08002428                Reset_Handler
 .text.Default_Handler
                0x08002478        0x2 ./Core/Startup/startup_stm32h743zitx.o
                0x08002478                RTC_Alarm_IRQHandler
                0x08002478                EXTI2_IRQHandler
                0x08002478                TIM8_CC_IRQHandler
                0x08002478                HRTIM1_Master_IRQHandler
                0x08002478                UART8_IRQHandler
                0x08002478                SPI4_IRQHandler
                0x08002478                TIM1_CC_IRQHandler
                0x08002478                BDMA_Channel6_IRQHandler
                0x08002478                DMA2_Stream5_IRQHandler
                0x08002478                HRTIM1_FLT_IRQHandler
                0x08002478                JPEG_IRQHandler
                0x08002478                DMA1_Stream5_IRQHandler
                0x08002478                BDMA_Channel1_IRQHandler
                0x08002478                HRTIM1_TIMD_IRQHandler
                0x08002478                TAMP_STAMP_IRQHandler
                0x08002478                EXTI3_IRQHandler
                0x08002478                LPTIM4_IRQHandler
                0x08002478                TIM8_TRG_COM_TIM14_IRQHandler
                0x08002478                LPTIM2_IRQHandler
                0x08002478                DFSDM1_FLT1_IRQHandler
                0x08002478                DMAMUX2_OVR_IRQHandler
                0x08002478                TIM8_UP_TIM13_IRQHandler
                0x08002478                I2C3_ER_IRQHandler
                0x08002478                DFSDM1_FLT2_IRQHandler
                0x08002478                MDMA_IRQHandler
                0x08002478                LPTIM3_IRQHandler
                0x08002478                HSEM1_IRQHandler
                0x08002478                EXTI0_IRQHandler
                0x08002478                I2C2_EV_IRQHandler
                0x08002478                DMA1_Stream2_IRQHandler
                0x08002478                FPU_IRQHandler
                0x08002478                OTG_HS_WKUP_IRQHandler
                0x08002478                FDCAN1_IT1_IRQHandler
                0x08002478                LTDC_ER_IRQHandler
                0x08002478                DMA2_Stream2_IRQHandler
                0x08002478                HRTIM1_TIME_IRQHandler
                0x08002478                SPI1_IRQHandler
                0x08002478                TIM6_DAC_IRQHandler
                0x08002478                DCMI_IRQHandler
                0x08002478                HRTIM1_TIMC_IRQHandler
                0x08002478                DMA2_Stream3_IRQHandler
                0x08002478                SAI2_IRQHandler
                0x08002478                DFSDM1_FLT3_IRQHandler
                0x08002478                USART6_IRQHandler
                0x08002478                TIM17_IRQHandler
                0x08002478                USART3_IRQHandler
                0x08002478                BDMA_Channel7_IRQHandler
                0x08002478                LPTIM5_IRQHandler
                0x08002478                UART5_IRQHandler
                0x08002478                ADC3_IRQHandler
                0x08002478                DMA2_Stream0_IRQHandler
                0x08002478                TIM4_IRQHandler
                0x08002478                BDMA_Channel2_IRQHandler
                0x08002478                QUADSPI_IRQHandler
                0x08002478                I2C1_EV_IRQHandler
                0x08002478                DMA1_Stream6_IRQHandler
                0x08002478                DMAMUX1_OVR_IRQHandler
                0x08002478                DMA1_Stream1_IRQHandler
                0x08002478                TIM16_IRQHandler
                0x08002478                UART4_IRQHandler
                0x08002478                BDMA_Channel5_IRQHandler
                0x08002478                TIM3_IRQHandler
                0x08002478                RCC_IRQHandler
                0x08002478                TIM8_BRK_TIM12_IRQHandler
                0x08002478                TIM1_TRG_COM_IRQHandler
                0x08002478                Default_Handler
                0x08002478                ECC_IRQHandler
                0x08002478                CEC_IRQHandler
                0x08002478                EXTI15_10_IRQHandler
                0x08002478                BDMA_Channel0_IRQHandler
                0x08002478                ADC_IRQHandler
                0x08002478                DMA1_Stream7_IRQHandler
                0x08002478                HRTIM1_TIMA_IRQHandler
                0x08002478                SPI5_IRQHandler
                0x08002478                TIM7_IRQHandler
                0x08002478                SDMMC1_IRQHandler
                0x08002478                TIM5_IRQHandler
                0x08002478                DMA2_Stream7_IRQHandler
                0x08002478                TIM15_IRQHandler
                0x08002478                PVD_AVD_IRQHandler
                0x08002478                I2C3_EV_IRQHandler
                0x08002478                EXTI9_5_IRQHandler
                0x08002478                RTC_WKUP_IRQHandler
                0x08002478                LTDC_IRQHandler
                0x08002478                SAI3_IRQHandler
                0x08002478                ETH_WKUP_IRQHandler
                0x08002478                SPDIF_RX_IRQHandler
                0x08002478                SPI2_IRQHandler
                0x08002478                OTG_HS_EP1_IN_IRQHandler
                0x08002478                DMA1_Stream0_IRQHandler
                0x08002478                CRS_IRQHandler
                0x08002478                EXTI4_IRQHandler
                0x08002478                RNG_IRQHandler
                0x08002478                HRTIM1_TIMB_IRQHandler
                0x08002478                FDCAN2_IT1_IRQHandler
                0x08002478                ETH_IRQHandler
                0x08002478                TIM1_UP_IRQHandler
                0x08002478                BDMA_Channel4_IRQHandler
                0x08002478                OTG_HS_EP1_OUT_IRQHandler
                0x08002478                WWDG_IRQHandler
                0x08002478                SPI6_IRQHandler
                0x08002478                MDIOS_IRQHandler
                0x08002478                I2C4_EV_IRQHandler
                0x08002478                FDCAN2_IT0_IRQHandler
                0x08002478                LPUART1_IRQHandler
                0x08002478                FDCAN1_IT0_IRQHandler
                0x08002478                TIM2_IRQHandler
                0x08002478                OTG_FS_WKUP_IRQHandler
                0x08002478                OTG_HS_IRQHandler
                0x08002478                DMA2D_IRQHandler
                0x08002478                TIM1_BRK_IRQHandler
                0x08002478                EXTI1_IRQHandler
                0x08002478                SDMMC2_IRQHandler
                0x08002478                OTG_FS_EP1_OUT_IRQHandler
                0x08002478                BDMA_Channel3_IRQHandler
                0x08002478                UART7_IRQHandler
                0x08002478                MDIOS_WKUP_IRQHandler
                0x08002478                USART2_IRQHandler
                0x08002478                DFSDM1_FLT0_IRQHandler
                0x08002478                SAI4_IRQHandler
                0x08002478                I2C2_ER_IRQHandler
                0x08002478                DMA2_Stream1_IRQHandler
                0x08002478                FLASH_IRQHandler
                0x08002478                DMA2_Stream4_IRQHandler
                0x08002478                USART1_IRQHandler
                0x08002478                OTG_FS_IRQHandler
                0x08002478                SPI3_IRQHandler
                0x08002478                WAKEUP_PIN_IRQHandler
                0x08002478                DMA1_Stream4_IRQHandler
                0x08002478                OTG_FS_EP1_IN_IRQHandler
                0x08002478                I2C1_ER_IRQHandler
                0x08002478                FMC_IRQHandler
                0x08002478                FDCAN_CAL_IRQHandler
                0x08002478                SWPMI1_IRQHandler
                0x08002478                COMP1_IRQHandler
                0x08002478                LPTIM1_IRQHandler
                0x08002478                I2C4_ER_IRQHandler
                0x08002478                DMA2_Stream6_IRQHandler
                0x08002478                SAI1_IRQHandler
                0x08002478                DMA1_Stream3_IRQHandler
 .text.read_and_pad_reordered_uint8
                0x0800247a       0x70 ./Core/nn/ConvolutionFunctions/arm_convolve_HWC_asym_uint8.o
 .text.__HI_SMULL
                0x080024ea       0x2c ./Core/nn/ConvolutionFunctions/arm_convolve_HWC_asym_uint8.o
 .text.arm_convolve_HWC_asym_uint8
                0x08002516      0xa46 ./Core/nn/ConvolutionFunctions/arm_convolve_HWC_asym_uint8.o
                0x08002516                arm_convolve_HWC_asym_uint8
 .text.__HI_SMULL
                0x08002f5c       0x2c ./Core/nn/ConvolutionFunctions/arm_depthwise_separable_conv_HWC_asym_uint8.o
 .text.arm_depthwise_separable_conv_HWC_asym_uint8
                0x08002f88      0xd60 ./Core/nn/ConvolutionFunctions/arm_depthwise_separable_conv_HWC_asym_uint8.o
                0x08002f88                arm_depthwise_separable_conv_HWC_asym_uint8
 .text.read_and_pad_reordered_uint8
                0x08003ce8       0x70 ./Core/nn/ConvolutionFunctions/arm_nn_mat_mult_kernel_asym_uint8_int16_reordered.o
 .text.__HI_SMULL
                0x08003d58       0x2c ./Core/nn/ConvolutionFunctions/arm_nn_mat_mult_kernel_asym_uint8_int16_reordered.o
 .text.arm_nn_mat_mult_kernel_asym_uint8_int16_reordered
                0x08003d84      0x6b6 ./Core/nn/ConvolutionFunctions/arm_nn_mat_mult_kernel_asym_uint8_int16_reordered.o
                0x08003d84                arm_nn_mat_mult_kernel_asym_uint8_int16_reordered
 .text.read_and_pad_reordered_uint8
                0x0800443a       0x70 ./Core/nn/FullyConnectedFunctions/arm_fully_connected_asym_uint8.o
 .text.__HI_SMULL
                0x080044aa       0x2c ./Core/nn/FullyConnectedFunctions/arm_fully_connected_asym_uint8.o
 .text.arm_fully_connected_asym_uint8
                0x080044d6      0x6d6 ./Core/nn/FullyConnectedFunctions/arm_fully_connected_asym_uint8.o
                0x080044d6                arm_fully_connected_asym_uint8
 .text.arm_asym_uint8_to_int16_no_shift
                0x08004bac      0x13c ./Core/nn/NNSupportFunctions/arm_asym_uint8_to_int16_no_shift.o
                0x08004bac                arm_asym_uint8_to_int16_no_shift
 .text.arm_asym_uint8_to_int16_reordered_no_shift
                0x08004ce8      0x192 ./Core/nn/NNSupportFunctions/arm_asym_uint8_to_int16_reordered_no_shift.o
                0x08004ce8                arm_asym_uint8_to_int16_reordered_no_shift
 .text.buffer_scale_back_int16_to_uint8
                0x08004e7a       0x56 ./Core/nn/PoolingFunctions/arm_pool_asym_uint8_HWC.o
 .text.accumulate_uint8_to_int16
                0x08004ed0      0x140 ./Core/nn/PoolingFunctions/arm_pool_asym_uint8_HWC.o
 .text.arm_avepool_asym_uint8_HWC
                0x08005010      0x2dc ./Core/nn/PoolingFunctions/arm_pool_asym_uint8_HWC.o
                0x08005010                arm_avepool_asym_uint8_HWC
 .text.HAL_Init
                0x080052ec       0x78 ./Drivers/STM32H7xx_HAL_Driver/Src/stm32h7xx_hal.o
                0x080052ec                HAL_Init
 .text.HAL_InitTick
                0x08005364       0x6c ./Drivers/STM32H7xx_HAL_Driver/Src/stm32h7xx_hal.o
                0x08005364                HAL_InitTick
 .text.HAL_IncTick
                0x080053d0       0x28 ./Drivers/STM32H7xx_HAL_Driver/Src/stm32h7xx_hal.o
                0x080053d0                HAL_IncTick
 .text.HAL_GetTick
                0x080053f8       0x18 ./Drivers/STM32H7xx_HAL_Driver/Src/stm32h7xx_hal.o
                0x080053f8                HAL_GetTick
 .text.HAL_Delay
                0x08005410       0x48 ./Drivers/STM32H7xx_HAL_Driver/Src/stm32h7xx_hal.o
                0x08005410                HAL_Delay
 .text.HAL_GetREVID
                0x08005458       0x18 ./Drivers/STM32H7xx_HAL_Driver/Src/stm32h7xx_hal.o
                0x08005458                HAL_GetREVID
 .text.HAL_SYSCFG_ETHInterfaceSelect
                0x08005470       0x28 ./Drivers/STM32H7xx_HAL_Driver/Src/stm32h7xx_hal.o
                0x08005470                HAL_SYSCFG_ETHInterfaceSelect
 .text.__NVIC_SetPriorityGrouping
                0x08005498       0x48 ./Drivers/STM32H7xx_HAL_Driver/Src/stm32h7xx_hal_cortex.o
 .text.__NVIC_GetPriorityGrouping
                0x080054e0       0x1c ./Drivers/STM32H7xx_HAL_Driver/Src/stm32h7xx_hal_cortex.o
 .text.__NVIC_SetPriority
                0x080054fc       0x54 ./Drivers/STM32H7xx_HAL_Driver/Src/stm32h7xx_hal_cortex.o
 .text.NVIC_EncodePriority
                0x08005550       0x66 ./Drivers/STM32H7xx_HAL_Driver/Src/stm32h7xx_hal_cortex.o
 *fill*         0x080055b6        0x2 
 .text.SysTick_Config
                0x080055b8       0x44 ./Drivers/STM32H7xx_HAL_Driver/Src/stm32h7xx_hal_cortex.o
 .text.HAL_NVIC_SetPriorityGrouping
                0x080055fc       0x16 ./Drivers/STM32H7xx_HAL_Driver/Src/stm32h7xx_hal_cortex.o
                0x080055fc                HAL_NVIC_SetPriorityGrouping
 .text.HAL_NVIC_SetPriority
                0x08005612       0x34 ./Drivers/STM32H7xx_HAL_Driver/Src/stm32h7xx_hal_cortex.o
                0x08005612                HAL_NVIC_SetPriority
 .text.HAL_SYSTICK_Config
                0x08005646       0x18 ./Drivers/STM32H7xx_HAL_Driver/Src/stm32h7xx_hal_cortex.o
                0x08005646                HAL_SYSTICK_Config
 *fill*         0x0800565e        0x2 
 .text.HAL_ETH_Init
                0x08005660      0x1fc ./Drivers/STM32H7xx_HAL_Driver/Src/stm32h7xx_hal_eth.o
                0x08005660                HAL_ETH_Init
 .text.HAL_ETH_SetMDIOClockRange
                0x0800585c       0xa0 ./Drivers/STM32H7xx_HAL_Driver/Src/stm32h7xx_hal_eth.o
                0x0800585c                HAL_ETH_SetMDIOClockRange
 .text.ETH_SetMACConfig
                0x080058fc      0x238 ./Drivers/STM32H7xx_HAL_Driver/Src/stm32h7xx_hal_eth.o
 .text.ETH_SetDMAConfig
                0x08005b34      0x10c ./Drivers/STM32H7xx_HAL_Driver/Src/stm32h7xx_hal_eth.o
 .text.ETH_MACDMAConfig
                0x08005c40      0x13a ./Drivers/STM32H7xx_HAL_Driver/Src/stm32h7xx_hal_eth.o
 .text.ETH_DMATxDescListInit
                0x08005d7a       0x92 ./Drivers/STM32H7xx_HAL_Driver/Src/stm32h7xx_hal_eth.o
 .text.ETH_DMARxDescListInit
                0x08005e0c       0xba ./Drivers/STM32H7xx_HAL_Driver/Src/stm32h7xx_hal_eth.o
 *fill*         0x08005ec6        0x2 
 .text.HAL_GPIO_Init
                0x08005ec8      0x360 ./Drivers/STM32H7xx_HAL_Driver/Src/stm32h7xx_hal_gpio.o
                0x08005ec8                HAL_GPIO_Init
 .text.HAL_GPIO_WritePin
                0x08006228       0x32 ./Drivers/STM32H7xx_HAL_Driver/Src/stm32h7xx_hal_gpio.o
                0x08006228                HAL_GPIO_WritePin
 .text.HAL_PCD_Init
                0x0800625a      0x218 ./Drivers/STM32H7xx_HAL_Driver/Src/stm32h7xx_hal_pcd.o
                0x0800625a                HAL_PCD_Init
 *fill*         0x08006472        0x2 
 .text.HAL_PCDEx_ActivateLPM
                0x08006474       0x48 ./Drivers/STM32H7xx_HAL_Driver/Src/stm32h7xx_hal_pcd_ex.o
                0x08006474                HAL_PCDEx_ActivateLPM
 .text.HAL_PWREx_ConfigSupply
                0x080064bc       0x74 ./Drivers/STM32H7xx_HAL_Driver/Src/stm32h7xx_hal_pwr_ex.o
                0x080064bc                HAL_PWREx_ConfigSupply
 .text.HAL_PWREx_EnableUSBVoltageDetector
                0x08006530       0x20 ./Drivers/STM32H7xx_HAL_Driver/Src/stm32h7xx_hal_pwr_ex.o
                0x08006530                HAL_PWREx_EnableUSBVoltageDetector
 .text.HAL_RCC_OscConfig
                0x08006550      0x8b4 ./Drivers/STM32H7xx_HAL_Driver/Src/stm32h7xx_hal_rcc.o
                0x08006550                HAL_RCC_OscConfig
 .text.HAL_RCC_ClockConfig
                0x08006e04      0x36c ./Drivers/STM32H7xx_HAL_Driver/Src/stm32h7xx_hal_rcc.o
                0x08006e04                HAL_RCC_ClockConfig
 .text.HAL_RCC_GetSysClockFreq
                0x08007170      0x2f4 ./Drivers/STM32H7xx_HAL_Driver/Src/stm32h7xx_hal_rcc.o
                0x08007170                HAL_RCC_GetSysClockFreq
 .text.HAL_RCC_GetHCLKFreq
                0x08007464       0x60 ./Drivers/STM32H7xx_HAL_Driver/Src/stm32h7xx_hal_rcc.o
                0x08007464                HAL_RCC_GetHCLKFreq
 .text.HAL_RCC_GetPCLK1Freq
                0x080074c4       0x2c ./Drivers/STM32H7xx_HAL_Driver/Src/stm32h7xx_hal_rcc.o
                0x080074c4                HAL_RCC_GetPCLK1Freq
 .text.HAL_RCC_GetPCLK2Freq
                0x080074f0       0x2c ./Drivers/STM32H7xx_HAL_Driver/Src/stm32h7xx_hal_rcc.o
                0x080074f0                HAL_RCC_GetPCLK2Freq
 .text.HAL_RCCEx_PeriphCLKConfig
                0x0800751c     0x1414 ./Drivers/STM32H7xx_HAL_Driver/Src/stm32h7xx_hal_rcc_ex.o
                0x0800751c                HAL_RCCEx_PeriphCLKConfig
 .text.HAL_RCCEx_GetD3PCLK1Freq
                0x08008930       0x2c ./Drivers/STM32H7xx_HAL_Driver/Src/stm32h7xx_hal_rcc_ex.o
                0x08008930                HAL_RCCEx_GetD3PCLK1Freq
 .text.HAL_RCCEx_GetPLL2ClockFreq
                0x0800895c      0x2a8 ./Drivers/STM32H7xx_HAL_Driver/Src/stm32h7xx_hal_rcc_ex.o
                0x0800895c                HAL_RCCEx_GetPLL2ClockFreq
 .text.HAL_RCCEx_GetPLL3ClockFreq
                0x08008c04      0x2a8 ./Drivers/STM32H7xx_HAL_Driver/Src/stm32h7xx_hal_rcc_ex.o
                0x08008c04                HAL_RCCEx_GetPLL3ClockFreq
 .text.RCCEx_PLL2_Config
                0x08008eac      0x164 ./Drivers/STM32H7xx_HAL_Driver/Src/stm32h7xx_hal_rcc_ex.o
 .text.RCCEx_PLL3_Config
                0x08009010      0x164 ./Drivers/STM32H7xx_HAL_Driver/Src/stm32h7xx_hal_rcc_ex.o
 .text.HAL_UART_Init
                0x08009174       0xa0 ./Drivers/STM32H7xx_HAL_Driver/Src/stm32h7xx_hal_uart.o
                0x08009174                HAL_UART_Init
 .text.HAL_UART_Transmit
                0x08009214      0x11c ./Drivers/STM32H7xx_HAL_Driver/Src/stm32h7xx_hal_uart.o
                0x08009214                HAL_UART_Transmit
 .text.UART_SetConfig
                0x08009330      0xad0 ./Drivers/STM32H7xx_HAL_Driver/Src/stm32h7xx_hal_uart.o
                0x08009330                UART_SetConfig
 .text.UART_AdvFeatureConfig
                0x08009e00      0x144 ./Drivers/STM32H7xx_HAL_Driver/Src/stm32h7xx_hal_uart.o
                0x08009e00                UART_AdvFeatureConfig
 .text.UART_CheckIdleState
                0x08009f44      0x154 ./Drivers/STM32H7xx_HAL_Driver/Src/stm32h7xx_hal_uart.o
                0x08009f44                UART_CheckIdleState
 .text.UART_WaitOnFlagUntilTimeout
                0x0800a098       0xda ./Drivers/STM32H7xx_HAL_Driver/Src/stm32h7xx_hal_uart.o
                0x0800a098                UART_WaitOnFlagUntilTimeout
 *fill*         0x0800a172        0x2 
 .text.UART_EndRxTransfer
                0x0800a174       0xcc ./Drivers/STM32H7xx_HAL_Driver/Src/stm32h7xx_hal_uart.o
 .text.HAL_UARTEx_DisableFifoMode
                0x0800a240       0x72 ./Drivers/STM32H7xx_HAL_Driver/Src/stm32h7xx_hal_uart_ex.o
                0x0800a240                HAL_UARTEx_DisableFifoMode
 .text.HAL_UARTEx_SetTxFifoThreshold
                0x0800a2b2       0x7c ./Drivers/STM32H7xx_HAL_Driver/Src/stm32h7xx_hal_uart_ex.o
                0x0800a2b2                HAL_UARTEx_SetTxFifoThreshold
 .text.HAL_UARTEx_SetRxFifoThreshold
                0x0800a32e       0x7c ./Drivers/STM32H7xx_HAL_Driver/Src/stm32h7xx_hal_uart_ex.o
                0x0800a32e                HAL_UARTEx_SetRxFifoThreshold
 *fill*         0x0800a3aa        0x2 
 .text.UARTEx_SetNbDataToProcess
                0x0800a3ac       0x9c ./Drivers/STM32H7xx_HAL_Driver/Src/stm32h7xx_hal_uart_ex.o
 .text.USB_CoreInit
                0x0800a448       0xe4 ./Drivers/STM32H7xx_HAL_Driver/Src/stm32h7xx_ll_usb.o
                0x0800a448                USB_CoreInit
 .text.USB_DisableGlobalInt
                0x0800a52c       0x22 ./Drivers/STM32H7xx_HAL_Driver/Src/stm32h7xx_ll_usb.o
                0x0800a52c                USB_DisableGlobalInt
 .text.USB_SetCurrentMode
                0x0800a54e       0x98 ./Drivers/STM32H7xx_HAL_Driver/Src/stm32h7xx_ll_usb.o
                0x0800a54e                USB_SetCurrentMode
 *fill*         0x0800a5e6        0x2 
 .text.USB_DevInit
                0x0800a5e8      0x2bc ./Drivers/STM32H7xx_HAL_Driver/Src/stm32h7xx_ll_usb.o
                0x0800a5e8                USB_DevInit
 .text.USB_FlushTxFifo
                0x0800a8a4       0x64 ./Drivers/STM32H7xx_HAL_Driver/Src/stm32h7xx_ll_usb.o
                0x0800a8a4                USB_FlushTxFifo
 .text.USB_FlushRxFifo
                0x0800a908       0x5c ./Drivers/STM32H7xx_HAL_Driver/Src/stm32h7xx_ll_usb.o
                0x0800a908                USB_FlushRxFifo
 .text.USB_SetDevSpeed
                0x0800a964       0x32 ./Drivers/STM32H7xx_HAL_Driver/Src/stm32h7xx_ll_usb.o
                0x0800a964                USB_SetDevSpeed
 .text.USB_DevDisconnect
                0x0800a996       0x42 ./Drivers/STM32H7xx_HAL_Driver/Src/stm32h7xx_ll_usb.o
                0x0800a996                USB_DevDisconnect
 .text.USB_GetMode
                0x0800a9d8       0x1c ./Drivers/STM32H7xx_HAL_Driver/Src/stm32h7xx_ll_usb.o
                0x0800a9d8                USB_GetMode
 .text.USB_CoreReset
                0x0800a9f4       0x62 ./Drivers/STM32H7xx_HAL_Driver/Src/stm32h7xx_ll_usb.o
 *fill*         0x0800aa56        0x2 
 .text.std      0x0800aa58       0x6c D:/stm32cubeide/STM32CubeIDE_1.16.0/STM32CubeIDE/plugins/com.st.stm32cube.ide.mcu.externaltools.gnu-tools-for-stm32.12.3.rel1.win32_1.0.200.202406191623/tools/bin/../lib/gcc/arm-none-eabi/12.3.1/../../../../arm-none-eabi/lib/thumb/v7e-m+dp/hard\libc_nano.a(libc_a-findfp.o)
 .text.stdio_exit_handler
                0x0800aac4       0x18 D:/stm32cubeide/STM32CubeIDE_1.16.0/STM32CubeIDE/plugins/com.st.stm32cube.ide.mcu.externaltools.gnu-tools-for-stm32.12.3.rel1.win32_1.0.200.202406191623/tools/bin/../lib/gcc/arm-none-eabi/12.3.1/../../../../arm-none-eabi/lib/thumb/v7e-m+dp/hard\libc_nano.a(libc_a-findfp.o)
 .text.cleanup_stdio
                0x0800aadc       0x40 D:/stm32cubeide/STM32CubeIDE_1.16.0/STM32CubeIDE/plugins/com.st.stm32cube.ide.mcu.externaltools.gnu-tools-for-stm32.12.3.rel1.win32_1.0.200.202406191623/tools/bin/../lib/gcc/arm-none-eabi/12.3.1/../../../../arm-none-eabi/lib/thumb/v7e-m+dp/hard\libc_nano.a(libc_a-findfp.o)
 .text.global_stdio_init.part.0
                0x0800ab1c       0x3c D:/stm32cubeide/STM32CubeIDE_1.16.0/STM32CubeIDE/plugins/com.st.stm32cube.ide.mcu.externaltools.gnu-tools-for-stm32.12.3.rel1.win32_1.0.200.202406191623/tools/bin/../lib/gcc/arm-none-eabi/12.3.1/../../../../arm-none-eabi/lib/thumb/v7e-m+dp/hard\libc_nano.a(libc_a-findfp.o)
 .text.__sfp_lock_acquire
                0x0800ab58        0xc D:/stm32cubeide/STM32CubeIDE_1.16.0/STM32CubeIDE/plugins/com.st.stm32cube.ide.mcu.externaltools.gnu-tools-for-stm32.12.3.rel1.win32_1.0.200.202406191623/tools/bin/../lib/gcc/arm-none-eabi/12.3.1/../../../../arm-none-eabi/lib/thumb/v7e-m+dp/hard\libc_nano.a(libc_a-findfp.o)
                0x0800ab58                __sfp_lock_acquire
 .text.__sfp_lock_release
                0x0800ab64        0xc D:/stm32cubeide/STM32CubeIDE_1.16.0/STM32CubeIDE/plugins/com.st.stm32cube.ide.mcu.externaltools.gnu-tools-for-stm32.12.3.rel1.win32_1.0.200.202406191623/tools/bin/../lib/gcc/arm-none-eabi/12.3.1/../../../../arm-none-eabi/lib/thumb/v7e-m+dp/hard\libc_nano.a(libc_a-findfp.o)
                0x0800ab64                __sfp_lock_release
 .text.__sinit  0x0800ab70       0x30 D:/stm32cubeide/STM32CubeIDE_1.16.0/STM32CubeIDE/plugins/com.st.stm32cube.ide.mcu.externaltools.gnu-tools-for-stm32.12.3.rel1.win32_1.0.200.202406191623/tools/bin/../lib/gcc/arm-none-eabi/12.3.1/../../../../arm-none-eabi/lib/thumb/v7e-m+dp/hard\libc_nano.a(libc_a-findfp.o)
                0x0800ab70                __sinit
 .text._fwalk_sglue
                0x0800aba0       0x3c D:/stm32cubeide/STM32CubeIDE_1.16.0/STM32CubeIDE/plugins/com.st.stm32cube.ide.mcu.externaltools.gnu-tools-for-stm32.12.3.rel1.win32_1.0.200.202406191623/tools/bin/../lib/gcc/arm-none-eabi/12.3.1/../../../../arm-none-eabi/lib/thumb/v7e-m+dp/hard\libc_nano.a(libc_a-fwalk.o)
                0x0800aba0                _fwalk_sglue
 .text.printf   0x0800abdc       0x24 D:/stm32cubeide/STM32CubeIDE_1.16.0/STM32CubeIDE/plugins/com.st.stm32cube.ide.mcu.externaltools.gnu-tools-for-stm32.12.3.rel1.win32_1.0.200.202406191623/tools/bin/../lib/gcc/arm-none-eabi/12.3.1/../../../../arm-none-eabi/lib/thumb/v7e-m+dp/hard\libc_nano.a(libc_a-printf.o)
                0x0800abdc                iprintf
                0x0800abdc                printf
 .text.__sread  0x0800ac00       0x22 D:/stm32cubeide/STM32CubeIDE_1.16.0/STM32CubeIDE/plugins/com.st.stm32cube.ide.mcu.externaltools.gnu-tools-for-stm32.12.3.rel1.win32_1.0.200.202406191623/tools/bin/../lib/gcc/arm-none-eabi/12.3.1/../../../../arm-none-eabi/lib/thumb/v7e-m+dp/hard\libc_nano.a(libc_a-stdio.o)
                0x0800ac00                __sread
 .text.__swrite
                0x0800ac22       0x38 D:/stm32cubeide/STM32CubeIDE_1.16.0/STM32CubeIDE/plugins/com.st.stm32cube.ide.mcu.externaltools.gnu-tools-for-stm32.12.3.rel1.win32_1.0.200.202406191623/tools/bin/../lib/gcc/arm-none-eabi/12.3.1/../../../../arm-none-eabi/lib/thumb/v7e-m+dp/hard\libc_nano.a(libc_a-stdio.o)
                0x0800ac22                __swrite
 .text.__sseek  0x0800ac5a       0x24 D:/stm32cubeide/STM32CubeIDE_1.16.0/STM32CubeIDE/plugins/com.st.stm32cube.ide.mcu.externaltools.gnu-tools-for-stm32.12.3.rel1.win32_1.0.200.202406191623/tools/bin/../lib/gcc/arm-none-eabi/12.3.1/../../../../arm-none-eabi/lib/thumb/v7e-m+dp/hard\libc_nano.a(libc_a-stdio.o)
                0x0800ac5a                __sseek
 .text.__sclose
                0x0800ac7e        0x8 D:/stm32cubeide/STM32CubeIDE_1.16.0/STM32CubeIDE/plugins/com.st.stm32cube.ide.mcu.externaltools.gnu-tools-for-stm32.12.3.rel1.win32_1.0.200.202406191623/tools/bin/../lib/gcc/arm-none-eabi/12.3.1/../../../../arm-none-eabi/lib/thumb/v7e-m+dp/hard\libc_nano.a(libc_a-stdio.o)
                0x0800ac7e                __sclose
 .text.memset   0x0800ac86       0x10 D:/stm32cubeide/STM32CubeIDE_1.16.0/STM32CubeIDE/plugins/com.st.stm32cube.ide.mcu.externaltools.gnu-tools-for-stm32.12.3.rel1.win32_1.0.200.202406191623/tools/bin/../lib/gcc/arm-none-eabi/12.3.1/../../../../arm-none-eabi/lib/thumb/v7e-m+dp/hard\libc_nano.a(libc_a-memset.o)
                0x0800ac86                memset
 *fill*         0x0800ac96        0x2 
 .text._close_r
                0x0800ac98       0x20 D:/stm32cubeide/STM32CubeIDE_1.16.0/STM32CubeIDE/plugins/com.st.stm32cube.ide.mcu.externaltools.gnu-tools-for-stm32.12.3.rel1.win32_1.0.200.202406191623/tools/bin/../lib/gcc/arm-none-eabi/12.3.1/../../../../arm-none-eabi/lib/thumb/v7e-m+dp/hard\libc_nano.a(libc_a-closer.o)
                0x0800ac98                _close_r
 .text._lseek_r
                0x0800acb8       0x24 D:/stm32cubeide/STM32CubeIDE_1.16.0/STM32CubeIDE/plugins/com.st.stm32cube.ide.mcu.externaltools.gnu-tools-for-stm32.12.3.rel1.win32_1.0.200.202406191623/tools/bin/../lib/gcc/arm-none-eabi/12.3.1/../../../../arm-none-eabi/lib/thumb/v7e-m+dp/hard\libc_nano.a(libc_a-lseekr.o)
                0x0800acb8                _lseek_r
 .text._read_r  0x0800acdc       0x24 D:/stm32cubeide/STM32CubeIDE_1.16.0/STM32CubeIDE/plugins/com.st.stm32cube.ide.mcu.externaltools.gnu-tools-for-stm32.12.3.rel1.win32_1.0.200.202406191623/tools/bin/../lib/gcc/arm-none-eabi/12.3.1/../../../../arm-none-eabi/lib/thumb/v7e-m+dp/hard\libc_nano.a(libc_a-readr.o)
                0x0800acdc                _read_r
 .text._write_r
                0x0800ad00       0x24 D:/stm32cubeide/STM32CubeIDE_1.16.0/STM32CubeIDE/plugins/com.st.stm32cube.ide.mcu.externaltools.gnu-tools-for-stm32.12.3.rel1.win32_1.0.200.202406191623/tools/bin/../lib/gcc/arm-none-eabi/12.3.1/../../../../arm-none-eabi/lib/thumb/v7e-m+dp/hard\libc_nano.a(libc_a-writer.o)
                0x0800ad00                _write_r
 .text.__errno  0x0800ad24        0xc D:/stm32cubeide/STM32CubeIDE_1.16.0/STM32CubeIDE/plugins/com.st.stm32cube.ide.mcu.externaltools.gnu-tools-for-stm32.12.3.rel1.win32_1.0.200.202406191623/tools/bin/../lib/gcc/arm-none-eabi/12.3.1/../../../../arm-none-eabi/lib/thumb/v7e-m+dp/hard\libc_nano.a(libc_a-errno.o)
                0x0800ad24                __errno
 .text.__libc_init_array
                0x0800ad30       0x48 D:/stm32cubeide/STM32CubeIDE_1.16.0/STM32CubeIDE/plugins/com.st.stm32cube.ide.mcu.externaltools.gnu-tools-for-stm32.12.3.rel1.win32_1.0.200.202406191623/tools/bin/../lib/gcc/arm-none-eabi/12.3.1/../../../../arm-none-eabi/lib/thumb/v7e-m+dp/hard\libc_nano.a(libc_a-init.o)
                0x0800ad30                __libc_init_array
 .text.__retarget_lock_init_recursive
                0x0800ad78        0x2 D:/stm32cubeide/STM32CubeIDE_1.16.0/STM32CubeIDE/plugins/com.st.stm32cube.ide.mcu.externaltools.gnu-tools-for-stm32.12.3.rel1.win32_1.0.200.202406191623/tools/bin/../lib/gcc/arm-none-eabi/12.3.1/../../../../arm-none-eabi/lib/thumb/v7e-m+dp/hard\libc_nano.a(libc_a-lock.o)
                0x0800ad78                __retarget_lock_init_recursive
 .text.__retarget_lock_acquire_recursive
                0x0800ad7a        0x2 D:/stm32cubeide/STM32CubeIDE_1.16.0/STM32CubeIDE/plugins/com.st.stm32cube.ide.mcu.externaltools.gnu-tools-for-stm32.12.3.rel1.win32_1.0.200.202406191623/tools/bin/../lib/gcc/arm-none-eabi/12.3.1/../../../../arm-none-eabi/lib/thumb/v7e-m+dp/hard\libc_nano.a(libc_a-lock.o)
                0x0800ad7a                __retarget_lock_acquire_recursive
 .text.__retarget_lock_release_recursive
                0x0800ad7c        0x2 D:/stm32cubeide/STM32CubeIDE_1.16.0/STM32CubeIDE/plugins/com.st.stm32cube.ide.mcu.externaltools.gnu-tools-for-stm32.12.3.rel1.win32_1.0.200.202406191623/tools/bin/../lib/gcc/arm-none-eabi/12.3.1/../../../../arm-none-eabi/lib/thumb/v7e-m+dp/hard\libc_nano.a(libc_a-lock.o)
                0x0800ad7c                __retarget_lock_release_recursive
 .text.memcpy   0x0800ad7e       0x1c D:/stm32cubeide/STM32CubeIDE_1.16.0/STM32CubeIDE/plugins/com.st.stm32cube.ide.mcu.externaltools.gnu-tools-for-stm32.12.3.rel1.win32_1.0.200.202406191623/tools/bin/../lib/gcc/arm-none-eabi/12.3.1/../../../../arm-none-eabi/lib/thumb/v7e-m+dp/hard\libc_nano.a(libc_a-memcpy-stub.o)
                0x0800ad7e                memcpy
 *fill*         0x0800ad9a        0x2 
 .text._free_r  0x0800ad9c       0x94 D:/stm32cubeide/STM32CubeIDE_1.16.0/STM32CubeIDE/plugins/com.st.stm32cube.ide.mcu.externaltools.gnu-tools-for-stm32.12.3.rel1.win32_1.0.200.202406191623/tools/bin/../lib/gcc/arm-none-eabi/12.3.1/../../../../arm-none-eabi/lib/thumb/v7e-m+dp/hard\libc_nano.a(libc_a-freer.o)
                0x0800ad9c                _free_r
 .text.sbrk_aligned
                0x0800ae30       0x44 D:/stm32cubeide/STM32CubeIDE_1.16.0/STM32CubeIDE/plugins/com.st.stm32cube.ide.mcu.externaltools.gnu-tools-for-stm32.12.3.rel1.win32_1.0.200.202406191623/tools/bin/../lib/gcc/arm-none-eabi/12.3.1/../../../../arm-none-eabi/lib/thumb/v7e-m+dp/hard\libc_nano.a(libc_a-mallocr.o)
 .text._malloc_r
                0x0800ae74      0x100 D:/stm32cubeide/STM32CubeIDE_1.16.0/STM32CubeIDE/plugins/com.st.stm32cube.ide.mcu.externaltools.gnu-tools-for-stm32.12.3.rel1.win32_1.0.200.202406191623/tools/bin/../lib/gcc/arm-none-eabi/12.3.1/../../../../arm-none-eabi/lib/thumb/v7e-m+dp/hard\libc_nano.a(libc_a-mallocr.o)
                0x0800ae74                _malloc_r
 .text.__malloc_lock
                0x0800af74        0xc D:/stm32cubeide/STM32CubeIDE_1.16.0/STM32CubeIDE/plugins/com.st.stm32cube.ide.mcu.externaltools.gnu-tools-for-stm32.12.3.rel1.win32_1.0.200.202406191623/tools/bin/../lib/gcc/arm-none-eabi/12.3.1/../../../../arm-none-eabi/lib/thumb/v7e-m+dp/hard\libc_nano.a(libc_a-mlock.o)
                0x0800af74                __malloc_lock
 .text.__malloc_unlock
                0x0800af80        0xc D:/stm32cubeide/STM32CubeIDE_1.16.0/STM32CubeIDE/plugins/com.st.stm32cube.ide.mcu.externaltools.gnu-tools-for-stm32.12.3.rel1.win32_1.0.200.202406191623/tools/bin/../lib/gcc/arm-none-eabi/12.3.1/../../../../arm-none-eabi/lib/thumb/v7e-m+dp/hard\libc_nano.a(libc_a-mlock.o)
                0x0800af80                __malloc_unlock
 .text.__sfputc_r
                0x0800af8c       0x2e D:/stm32cubeide/STM32CubeIDE_1.16.0/STM32CubeIDE/plugins/com.st.stm32cube.ide.mcu.externaltools.gnu-tools-for-stm32.12.3.rel1.win32_1.0.200.202406191623/tools/bin/../lib/gcc/arm-none-eabi/12.3.1/../../../../arm-none-eabi/lib/thumb/v7e-m+dp/hard\libc_nano.a(libc_a-nano-vfprintf.o)
 .text.__sfputs_r
                0x0800afba       0x24 D:/stm32cubeide/STM32CubeIDE_1.16.0/STM32CubeIDE/plugins/com.st.stm32cube.ide.mcu.externaltools.gnu-tools-for-stm32.12.3.rel1.win32_1.0.200.202406191623/tools/bin/../lib/gcc/arm-none-eabi/12.3.1/../../../../arm-none-eabi/lib/thumb/v7e-m+dp/hard\libc_nano.a(libc_a-nano-vfprintf.o)
                0x0800afba                __sfputs_r
 *fill*         0x0800afde        0x2 
 .text._vfprintf_r
                0x0800afe0      0x230 D:/stm32cubeide/STM32CubeIDE_1.16.0/STM32CubeIDE/plugins/com.st.stm32cube.ide.mcu.externaltools.gnu-tools-for-stm32.12.3.rel1.win32_1.0.200.202406191623/tools/bin/../lib/gcc/arm-none-eabi/12.3.1/../../../../arm-none-eabi/lib/thumb/v7e-m+dp/hard\libc_nano.a(libc_a-nano-vfprintf.o)
                0x0800afe0                _vfprintf_r
                0x0800afe0                _vfiprintf_r
 .text._printf_common
                0x0800b210       0xda D:/stm32cubeide/STM32CubeIDE_1.16.0/STM32CubeIDE/plugins/com.st.stm32cube.ide.mcu.externaltools.gnu-tools-for-stm32.12.3.rel1.win32_1.0.200.202406191623/tools/bin/../lib/gcc/arm-none-eabi/12.3.1/../../../../arm-none-eabi/lib/thumb/v7e-m+dp/hard\libc_nano.a(libc_a-nano-vfprintf_i.o)
                0x0800b210                _printf_common
 *fill*         0x0800b2ea        0x2 
 .text._printf_i
                0x0800b2ec      0x240 D:/stm32cubeide/STM32CubeIDE_1.16.0/STM32CubeIDE/plugins/com.st.stm32cube.ide.mcu.externaltools.gnu-tools-for-stm32.12.3.rel1.win32_1.0.200.202406191623/tools/bin/../lib/gcc/arm-none-eabi/12.3.1/../../../../arm-none-eabi/lib/thumb/v7e-m+dp/hard\libc_nano.a(libc_a-nano-vfprintf_i.o)
                0x0800b2ec                _printf_i
 .text.__sflush_r
                0x0800b52c      0x108 D:/stm32cubeide/STM32CubeIDE_1.16.0/STM32CubeIDE/plugins/com.st.stm32cube.ide.mcu.externaltools.gnu-tools-for-stm32.12.3.rel1.win32_1.0.200.202406191623/tools/bin/../lib/gcc/arm-none-eabi/12.3.1/../../../../arm-none-eabi/lib/thumb/v7e-m+dp/hard\libc_nano.a(libc_a-fflush.o)
                0x0800b52c                __sflush_r
 .text._fflush_r
                0x0800b634       0x50 D:/stm32cubeide/STM32CubeIDE_1.16.0/STM32CubeIDE/plugins/com.st.stm32cube.ide.mcu.externaltools.gnu-tools-for-stm32.12.3.rel1.win32_1.0.200.202406191623/tools/bin/../lib/gcc/arm-none-eabi/12.3.1/../../../../arm-none-eabi/lib/thumb/v7e-m+dp/hard\libc_nano.a(libc_a-fflush.o)
                0x0800b634                _fflush_r
 .text.__swbuf_r
                0x0800b684       0x7c D:/stm32cubeide/STM32CubeIDE_1.16.0/STM32CubeIDE/plugins/com.st.stm32cube.ide.mcu.externaltools.gnu-tools-for-stm32.12.3.rel1.win32_1.0.200.202406191623/tools/bin/../lib/gcc/arm-none-eabi/12.3.1/../../../../arm-none-eabi/lib/thumb/v7e-m+dp/hard\libc_nano.a(libc_a-wbuf.o)
                0x0800b684                __swbuf_r
 .text.__swsetup_r
                0x0800b700       0xac D:/stm32cubeide/STM32CubeIDE_1.16.0/STM32CubeIDE/plugins/com.st.stm32cube.ide.mcu.externaltools.gnu-tools-for-stm32.12.3.rel1.win32_1.0.200.202406191623/tools/bin/../lib/gcc/arm-none-eabi/12.3.1/../../../../arm-none-eabi/lib/thumb/v7e-m+dp/hard\libc_nano.a(libc_a-wsetup.o)
                0x0800b700                __swsetup_r
 .text._sbrk_r  0x0800b7ac       0x20 D:/stm32cubeide/STM32CubeIDE_1.16.0/STM32CubeIDE/plugins/com.st.stm32cube.ide.mcu.externaltools.gnu-tools-for-stm32.12.3.rel1.win32_1.0.200.202406191623/tools/bin/../lib/gcc/arm-none-eabi/12.3.1/../../../../arm-none-eabi/lib/thumb/v7e-m+dp/hard\libc_nano.a(libc_a-sbrkr.o)
                0x0800b7ac                _sbrk_r
 .text.__swhatbuf_r
                0x0800b7cc       0x4c D:/stm32cubeide/STM32CubeIDE_1.16.0/STM32CubeIDE/plugins/com.st.stm32cube.ide.mcu.externaltools.gnu-tools-for-stm32.12.3.rel1.win32_1.0.200.202406191623/tools/bin/../lib/gcc/arm-none-eabi/12.3.1/../../../../arm-none-eabi/lib/thumb/v7e-m+dp/hard\libc_nano.a(libc_a-makebuf.o)
                0x0800b7cc                __swhatbuf_r
 .text.__smakebuf_r
                0x0800b818       0x78 D:/stm32cubeide/STM32CubeIDE_1.16.0/STM32CubeIDE/plugins/com.st.stm32cube.ide.mcu.externaltools.gnu-tools-for-stm32.12.3.rel1.win32_1.0.200.202406191623/tools/bin/../lib/gcc/arm-none-eabi/12.3.1/../../../../arm-none-eabi/lib/thumb/v7e-m+dp/hard\libc_nano.a(libc_a-makebuf.o)
                0x0800b818                __smakebuf_r
 .text._fstat_r
                0x0800b890       0x24 D:/stm32cubeide/STM32CubeIDE_1.16.0/STM32CubeIDE/plugins/com.st.stm32cube.ide.mcu.externaltools.gnu-tools-for-stm32.12.3.rel1.win32_1.0.200.202406191623/tools/bin/../lib/gcc/arm-none-eabi/12.3.1/../../../../arm-none-eabi/lib/thumb/v7e-m+dp/hard\libc_nano.a(libc_a-fstatr.o)
                0x0800b890                _fstat_r
 .text._isatty_r
                0x0800b8b4       0x20 D:/stm32cubeide/STM32CubeIDE_1.16.0/STM32CubeIDE/plugins/com.st.stm32cube.ide.mcu.externaltools.gnu-tools-for-stm32.12.3.rel1.win32_1.0.200.202406191623/tools/bin/../lib/gcc/arm-none-eabi/12.3.1/../../../../arm-none-eabi/lib/thumb/v7e-m+dp/hard\libc_nano.a(libc_a-isattyr.o)
                0x0800b8b4                _isatty_r
 *(.glue_7)
 .glue_7        0x0800b8d4        0x0 linker stubs
 *(.glue_7t)
 .glue_7t       0x0800b8d4        0x0 linker stubs
 *(.eh_frame)
 .eh_frame      0x0800b8d4        0x0 D:/stm32cubeide/STM32CubeIDE_1.16.0/STM32CubeIDE/plugins/com.st.stm32cube.ide.mcu.externaltools.gnu-tools-for-stm32.12.3.rel1.win32_1.0.200.202406191623/tools/bin/../lib/gcc/arm-none-eabi/12.3.1/thumb/v7e-m+dp/hard/crtbegin.o
 *(.init)
 .init          0x0800b8d4        0x4 D:/stm32cubeide/STM32CubeIDE_1.16.0/STM32CubeIDE/plugins/com.st.stm32cube.ide.mcu.externaltools.gnu-tools-for-stm32.12.3.rel1.win32_1.0.200.202406191623/tools/bin/../lib/gcc/arm-none-eabi/12.3.1/thumb/v7e-m+dp/hard/crti.o
                0x0800b8d4                _init
 .init          0x0800b8d8        0x8 D:/stm32cubeide/STM32CubeIDE_1.16.0/STM32CubeIDE/plugins/com.st.stm32cube.ide.mcu.externaltools.gnu-tools-for-stm32.12.3.rel1.win32_1.0.200.202406191623/tools/bin/../lib/gcc/arm-none-eabi/12.3.1/thumb/v7e-m+dp/hard/crtn.o
 *(.fini)
 .fini          0x0800b8e0        0x4 D:/stm32cubeide/STM32CubeIDE_1.16.0/STM32CubeIDE/plugins/com.st.stm32cube.ide.mcu.externaltools.gnu-tools-for-stm32.12.3.rel1.win32_1.0.200.202406191623/tools/bin/../lib/gcc/arm-none-eabi/12.3.1/thumb/v7e-m+dp/hard/crti.o
                0x0800b8e0                _fini
 .fini          0x0800b8e4        0x8 D:/stm32cubeide/STM32CubeIDE_1.16.0/STM32CubeIDE/plugins/com.st.stm32cube.ide.mcu.externaltools.gnu-tools-for-stm32.12.3.rel1.win32_1.0.200.202406191623/tools/bin/../lib/gcc/arm-none-eabi/12.3.1/thumb/v7e-m+dp/hard/crtn.o
                0x0800b8ec                        . = ALIGN (0x4)
                0x0800b8ec                        _etext = .

.vfp11_veneer   0x0800b8ec        0x0
 .vfp11_veneer  0x0800b8ec        0x0 linker stubs

.v4_bx          0x0800b8ec        0x0
 .v4_bx         0x0800b8ec        0x0 linker stubs

.iplt           0x0800b8ec        0x0
 .iplt          0x0800b8ec        0x0 D:/stm32cubeide/STM32CubeIDE_1.16.0/STM32CubeIDE/plugins/com.st.stm32cube.ide.mcu.externaltools.gnu-tools-for-stm32.12.3.rel1.win32_1.0.200.202406191623/tools/bin/../lib/gcc/arm-none-eabi/12.3.1/thumb/v7e-m+dp/hard/crtbegin.o

.rodata         0x0800b8ec    0x8de0c
                0x0800b8ec                        . = ALIGN (0x4)
 *(.rodata)
 .rodata        0x0800b8ec        0x8 ./Core/Src/main.o
 *(.rodata*)
 .rodata.conv1_wt
                0x0800b8f4      0x120 ./Core/Src/main.o
 .rodata.conv1_bias
                0x0800ba14       0x20 ./Core/Src/main.o
 .rodata.conv2_wt
                0x0800ba34       0x48 ./Core/Src/main.o
 .rodata.conv2_bias
                0x0800ba7c       0x20 ./Core/Src/main.o
 .rodata.conv3_wt
                0x0800ba9c       0x80 ./Core/Src/main.o
 .rodata.conv3_bias
                0x0800bb1c       0x40 ./Core/Src/main.o
 .rodata.conv4_wt
                0x0800bb5c       0x90 ./Core/Src/main.o
 .rodata.conv4_bias
                0x0800bbec       0x40 ./Core/Src/main.o
 .rodata.conv5_wt
                0x0800bc2c      0x200 ./Core/Src/main.o
 .rodata.conv5_bias
                0x0800be2c       0x80 ./Core/Src/main.o
 .rodata.conv6_wt
                0x0800beac      0x120 ./Core/Src/main.o
 .rodata.conv6_bias
                0x0800bfcc       0x80 ./Core/Src/main.o
 .rodata.conv7_wt
                0x0800c04c      0x400 ./Core/Src/main.o
 .rodata.conv7_bias
                0x0800c44c       0x80 ./Core/Src/main.o
 .rodata.conv8_wt
                0x0800c4cc      0x120 ./Core/Src/main.o
 .rodata.conv8_bias
                0x0800c5ec       0x80 ./Core/Src/main.o
 .rodata.conv9_wt
                0x0800c66c      0x800 ./Core/Src/main.o
 .rodata.conv9_bias
                0x0800ce6c      0x100 ./Core/Src/main.o
 .rodata.conv10_wt
                0x0800cf6c      0x240 ./Core/Src/main.o
 .rodata.conv10_bias
                0x0800d1ac      0x100 ./Core/Src/main.o
 .rodata.conv11_wt
                0x0800d2ac     0x1000 ./Core/Src/main.o
 .rodata.conv11_bias
                0x0800e2ac      0x100 ./Core/Src/main.o
 .rodata.conv12_wt
                0x0800e3ac      0x240 ./Core/Src/main.o
 .rodata.conv12_bias
                0x0800e5ec      0x100 ./Core/Src/main.o
 .rodata.conv13_wt
                0x0800e6ec     0x2000 ./Core/Src/main.o
 .rodata.conv13_bias
                0x080106ec      0x200 ./Core/Src/main.o
 .rodata.conv14_wt
                0x080108ec      0x480 ./Core/Src/main.o
 .rodata.conv14_bias
                0x08010d6c      0x200 ./Core/Src/main.o
 .rodata.conv15_wt
                0x08010f6c     0x4000 ./Core/Src/main.o
 .rodata.conv15_bias
                0x08014f6c      0x200 ./Core/Src/main.o
 .rodata.conv16_wt
                0x0801516c      0x480 ./Core/Src/main.o
 .rodata.conv16_bias
                0x080155ec      0x200 ./Core/Src/main.o
 .rodata.conv17_wt
                0x080157ec     0x4000 ./Core/Src/main.o
 .rodata.conv17_bias
                0x080197ec      0x200 ./Core/Src/main.o
 .rodata.conv18_wt
                0x080199ec      0x480 ./Core/Src/main.o
 .rodata.conv18_bias
                0x08019e6c      0x200 ./Core/Src/main.o
 .rodata.conv19_wt
                0x0801a06c     0x4000 ./Core/Src/main.o
 .rodata.conv19_bias
                0x0801e06c      0x200 ./Core/Src/main.o
 .rodata.conv20_wt
                0x0801e26c      0x480 ./Core/Src/main.o
 .rodata.conv20_bias
                0x0801e6ec      0x200 ./Core/Src/main.o
 .rodata.conv21_wt
                0x0801e8ec     0x4000 ./Core/Src/main.o
 .rodata.conv21_bias
                0x080228ec      0x200 ./Core/Src/main.o
 .rodata.conv22_wt
                0x08022aec      0x480 ./Core/Src/main.o
 .rodata.conv22_bias
                0x08022f6c      0x200 ./Core/Src/main.o
 .rodata.conv23_wt
                0x0802316c     0x4000 ./Core/Src/main.o
 .rodata.conv23_bias
                0x0802716c      0x200 ./Core/Src/main.o
 .rodata.conv24_wt
                0x0802736c      0x480 ./Core/Src/main.o
 .rodata.conv24_bias
                0x080277ec      0x200 ./Core/Src/main.o
 .rodata.conv25_wt
                0x080279ec     0x8000 ./Core/Src/main.o
 .rodata.conv25_bias
                0x0802f9ec      0x400 ./Core/Src/main.o
 .rodata.conv26_wt
                0x0802fdec      0x900 ./Core/Src/main.o
 .rodata.conv26_bias
                0x080306ec      0x400 ./Core/Src/main.o
 .rodata.conv27_wt
                0x08030aec    0x10000 ./Core/Src/main.o
 .rodata.conv27_bias
                0x08040aec      0x400 ./Core/Src/main.o
 .rodata.fc28_wt
                0x08040eec    0x3e800 ./Core/Src/main.o
 .rodata.fc28_bias
                0x0807f6ec      0xfa0 ./Core/Src/main.o
 .rodata.image_data
                0x0808068c    0x19000 ./Core/Src/main.o
 .rodata.D1CorePrescTable
                0x0809968c       0x10 ./Core/Src/system_stm32h7xx.o
                0x0809968c                D1CorePrescTable
 .rodata.UARTPrescTable
                0x0809969c       0x18 ./Drivers/STM32H7xx_HAL_Driver/Src/stm32h7xx_hal_uart.o
                0x0809969c                UARTPrescTable
 .rodata.numerator.1
                0x080996b4        0x8 ./Drivers/STM32H7xx_HAL_Driver/Src/stm32h7xx_hal_uart_ex.o
 .rodata.denominator.0
                0x080996bc        0x8 ./Drivers/STM32H7xx_HAL_Driver/Src/stm32h7xx_hal_uart_ex.o
 .rodata._vfprintf_r.str1.1
                0x080996c4       0x11 D:/stm32cubeide/STM32CubeIDE_1.16.0/STM32CubeIDE/plugins/com.st.stm32cube.ide.mcu.externaltools.gnu-tools-for-stm32.12.3.rel1.win32_1.0.200.202406191623/tools/bin/../lib/gcc/arm-none-eabi/12.3.1/../../../../arm-none-eabi/lib/thumb/v7e-m+dp/hard\libc_nano.a(libc_a-nano-vfprintf.o)
 .rodata._printf_i.str1.1
                0x080996d5       0x22 D:/stm32cubeide/STM32CubeIDE_1.16.0/STM32CubeIDE/plugins/com.st.stm32cube.ide.mcu.externaltools.gnu-tools-for-stm32.12.3.rel1.win32_1.0.200.202406191623/tools/bin/../lib/gcc/arm-none-eabi/12.3.1/../../../../arm-none-eabi/lib/thumb/v7e-m+dp/hard\libc_nano.a(libc_a-nano-vfprintf_i.o)
                0x080996f8                        . = ALIGN (0x4)
 *fill*         0x080996f7        0x1 

.ARM.extab
 *(.ARM.extab* .gnu.linkonce.armextab.*)

.ARM            0x080996f8        0x8
                0x080996f8                        __exidx_start = .
 *(.ARM.exidx*)
 .ARM.exidx     0x080996f8        0x8 D:/stm32cubeide/STM32CubeIDE_1.16.0/STM32CubeIDE/plugins/com.st.stm32cube.ide.mcu.externaltools.gnu-tools-for-stm32.12.3.rel1.win32_1.0.200.202406191623/tools/bin/../lib/gcc/arm-none-eabi/12.3.1/../../../../arm-none-eabi/lib/thumb/v7e-m+dp/hard\libc_nano.a(libc_a-memchr.o)
 .ARM.exidx     0x08099700        0x0 D:/stm32cubeide/STM32CubeIDE_1.16.0/STM32CubeIDE/plugins/com.st.stm32cube.ide.mcu.externaltools.gnu-tools-for-stm32.12.3.rel1.win32_1.0.200.202406191623/tools/bin/../lib/gcc/arm-none-eabi/12.3.1/thumb/v7e-m+dp/hard\libgcc.a(_udivmoddi4.o)
                                  0x8 (size before relaxing)
                0x08099700                        __exidx_end = .

.preinit_array  0x08099700        0x0
                0x08099700                        PROVIDE (__preinit_array_start = .)
 *(.preinit_array*)
                0x08099700                        PROVIDE (__preinit_array_end = .)

.init_array     0x08099700        0x4
                0x08099700                        PROVIDE (__init_array_start = .)
 *(SORT_BY_NAME(.init_array.*))
 *(.init_array*)
 .init_array    0x08099700        0x4 D:/stm32cubeide/STM32CubeIDE_1.16.0/STM32CubeIDE/plugins/com.st.stm32cube.ide.mcu.externaltools.gnu-tools-for-stm32.12.3.rel1.win32_1.0.200.202406191623/tools/bin/../lib/gcc/arm-none-eabi/12.3.1/thumb/v7e-m+dp/hard/crtbegin.o
                0x08099704                        PROVIDE (__init_array_end = .)

.fini_array     0x08099704        0x4
                [!provide]                        PROVIDE (__fini_array_start = .)
 *(SORT_BY_NAME(.fini_array.*))
 *(.fini_array*)
 .fini_array    0x08099704        0x4 D:/stm32cubeide/STM32CubeIDE_1.16.0/STM32CubeIDE/plugins/com.st.stm32cube.ide.mcu.externaltools.gnu-tools-for-stm32.12.3.rel1.win32_1.0.200.202406191623/tools/bin/../lib/gcc/arm-none-eabi/12.3.1/thumb/v7e-m+dp/hard/crtbegin.o
                [!provide]                        PROVIDE (__fini_array_end = .)
                0x08099708                        _sidata = LOADADDR (.data)

.rel.dyn        0x08099708        0x0
 .rel.iplt      0x08099708        0x0 D:/stm32cubeide/STM32CubeIDE_1.16.0/STM32CubeIDE/plugins/com.st.stm32cube.ide.mcu.externaltools.gnu-tools-for-stm32.12.3.rel1.win32_1.0.200.202406191623/tools/bin/../lib/gcc/arm-none-eabi/12.3.1/thumb/v7e-m+dp/hard/crtbegin.o

.data           0x24000000       0x78 load address 0x08099708
                0x24000000                        . = ALIGN (0x4)
                0x24000000                        _sdata = .
 *(.data)
 *(.data*)
 .data.DWT_CYCCNT
                0x24000000        0x4 ./Core/Src/main.o
                0x24000000                DWT_CYCCNT
 .data.DWT_CONTROL
                0x24000004        0x4 ./Core/Src/main.o
                0x24000004                DWT_CONTROL
 .data.SCB_DEMCR
                0x24000008        0x4 ./Core/Src/main.o
                0x24000008                SCB_DEMCR
 .data.SystemCoreClock
                0x2400000c        0x4 ./Core/Src/system_stm32h7xx.o
                0x2400000c                SystemCoreClock
 .data.SystemD2Clock
                0x24000010        0x4 ./Core/Src/system_stm32h7xx.o
                0x24000010                SystemD2Clock
 .data.uwTickPrio
                0x24000014        0x4 ./Drivers/STM32H7xx_HAL_Driver/Src/stm32h7xx_hal.o
                0x24000014                uwTickPrio
 .data.uwTickFreq
                0x24000018        0x1 ./Drivers/STM32H7xx_HAL_Driver/Src/stm32h7xx_hal.o
                0x24000018                uwTickFreq
 *fill*         0x24000019        0x3 
 .data.__sglue  0x2400001c        0xc D:/stm32cubeide/STM32CubeIDE_1.16.0/STM32CubeIDE/plugins/com.st.stm32cube.ide.mcu.externaltools.gnu-tools-for-stm32.12.3.rel1.win32_1.0.200.202406191623/tools/bin/../lib/gcc/arm-none-eabi/12.3.1/../../../../arm-none-eabi/lib/thumb/v7e-m+dp/hard\libc_nano.a(libc_a-findfp.o)
                0x2400001c                __sglue
 .data._impure_ptr
                0x24000028        0x4 D:/stm32cubeide/STM32CubeIDE_1.16.0/STM32CubeIDE/plugins/com.st.stm32cube.ide.mcu.externaltools.gnu-tools-for-stm32.12.3.rel1.win32_1.0.200.202406191623/tools/bin/../lib/gcc/arm-none-eabi/12.3.1/../../../../arm-none-eabi/lib/thumb/v7e-m+dp/hard\libc_nano.a(libc_a-impure.o)
                0x24000028                _impure_ptr
 .data._impure_data
                0x2400002c       0x4c D:/stm32cubeide/STM32CubeIDE_1.16.0/STM32CubeIDE/plugins/com.st.stm32cube.ide.mcu.externaltools.gnu-tools-for-stm32.12.3.rel1.win32_1.0.200.202406191623/tools/bin/../lib/gcc/arm-none-eabi/12.3.1/../../../../arm-none-eabi/lib/thumb/v7e-m+dp/hard\libc_nano.a(libc_a-impure.o)
                0x2400002c                _impure_data
 *(.RamFunc)
 *(.RamFunc*)
                0x24000078                        . = ALIGN (0x4)
                0x24000078                        _edata = .

.igot.plt       0x24000078        0x0 load address 0x08099780
 .igot.plt      0x24000078        0x0 D:/stm32cubeide/STM32CubeIDE_1.16.0/STM32CubeIDE/plugins/com.st.stm32cube.ide.mcu.externaltools.gnu-tools-for-stm32.12.3.rel1.win32_1.0.200.202406191623/tools/bin/../lib/gcc/arm-none-eabi/12.3.1/thumb/v7e-m+dp/hard/crtbegin.o

.L2RAM          0x24000078    0x25800 load address 0x08099780
 .L2RAM         0x24000078    0x25800 ./Core/Src/main.o
                0x24000078                l2_tensor_scratch

.RxDecripSection
                0x24025878       0x60 load address 0x080bef80
 .RxDecripSection
                0x24025878       0x60 ./Core/Src/main.o
                0x24025878                DMARxDscrTab

.TxDecripSection
                0x240258d8       0x60 load address 0x080befe0
 .TxDecripSection
                0x240258d8       0x60 ./Core/Src/main.o
                0x240258d8                DMATxDscrTab
                0x24025938                        . = ALIGN (0x4)

.bss            0x24025938     0x2c50 load address 0x080bf040
                0x24025938                        _sbss = .
                0x24025938                        __bss_start__ = _sbss
 *(.bss)
 .bss           0x24025938       0x1c D:/stm32cubeide/STM32CubeIDE_1.16.0/STM32CubeIDE/plugins/com.st.stm32cube.ide.mcu.externaltools.gnu-tools-for-stm32.12.3.rel1.win32_1.0.200.202406191623/tools/bin/../lib/gcc/arm-none-eabi/12.3.1/thumb/v7e-m+dp/hard/crtbegin.o
 *(.bss*)
 .bss.l1_tensor_scratch
                0x24025954     0x2400 ./Core/Src/main.o
                0x24025954                l1_tensor_scratch
 .bss.cpu_cycles
                0x24027d54       0x78 ./Core/Src/main.o
                0x24027d54                cpu_cycles
 .bss.TxConfig  0x24027dcc       0x38 ./Core/Src/main.o
                0x24027dcc                TxConfig
 .bss.heth      0x24027e04       0xb0 ./Core/Src/main.o
                0x24027e04                heth
 .bss.huart3    0x24027eb4       0x94 ./Core/Src/main.o
                0x24027eb4                huart3
 .bss.hpcd_USB_OTG_FS
                0x24027f48      0x4e4 ./Core/Src/main.o
                0x24027f48                hpcd_USB_OTG_FS
 .bss.MACAddr.0
                0x2402842c        0x6 ./Core/Src/main.o
 *fill*         0x24028432        0x2 
 .bss.__sbrk_heap_end
                0x24028434        0x4 ./Core/Src/sysmem.o
 .bss.uwTick    0x24028438        0x4 ./Drivers/STM32H7xx_HAL_Driver/Src/stm32h7xx_hal.o
                0x24028438                uwTick
 .bss.__sf      0x2402843c      0x138 D:/stm32cubeide/STM32CubeIDE_1.16.0/STM32CubeIDE/plugins/com.st.stm32cube.ide.mcu.externaltools.gnu-tools-for-stm32.12.3.rel1.win32_1.0.200.202406191623/tools/bin/../lib/gcc/arm-none-eabi/12.3.1/../../../../arm-none-eabi/lib/thumb/v7e-m+dp/hard\libc_nano.a(libc_a-findfp.o)
                0x2402843c                __sf
 .bss.__stdio_exit_handler
                0x24028574        0x4 D:/stm32cubeide/STM32CubeIDE_1.16.0/STM32CubeIDE/plugins/com.st.stm32cube.ide.mcu.externaltools.gnu-tools-for-stm32.12.3.rel1.win32_1.0.200.202406191623/tools/bin/../lib/gcc/arm-none-eabi/12.3.1/../../../../arm-none-eabi/lib/thumb/v7e-m+dp/hard\libc_nano.a(libc_a-findfp.o)
                0x24028574                __stdio_exit_handler
 .bss.errno     0x24028578        0x4 D:/stm32cubeide/STM32CubeIDE_1.16.0/STM32CubeIDE/plugins/com.st.stm32cube.ide.mcu.externaltools.gnu-tools-for-stm32.12.3.rel1.win32_1.0.200.202406191623/tools/bin/../lib/gcc/arm-none-eabi/12.3.1/../../../../arm-none-eabi/lib/thumb/v7e-m+dp/hard\libc_nano.a(libc_a-reent.o)
                0x24028578                errno
 .bss.__lock___malloc_recursive_mutex
                0x2402857c        0x1 D:/stm32cubeide/STM32CubeIDE_1.16.0/STM32CubeIDE/plugins/com.st.stm32cube.ide.mcu.externaltools.gnu-tools-for-stm32.12.3.rel1.win32_1.0.200.202406191623/tools/bin/../lib/gcc/arm-none-eabi/12.3.1/../../../../arm-none-eabi/lib/thumb/v7e-m+dp/hard\libc_nano.a(libc_a-lock.o)
                0x2402857c                __lock___malloc_recursive_mutex
 .bss.__lock___sfp_recursive_mutex
                0x2402857d        0x1 D:/stm32cubeide/STM32CubeIDE_1.16.0/STM32CubeIDE/plugins/com.st.stm32cube.ide.mcu.externaltools.gnu-tools-for-stm32.12.3.rel1.win32_1.0.200.202406191623/tools/bin/../lib/gcc/arm-none-eabi/12.3.1/../../../../arm-none-eabi/lib/thumb/v7e-m+dp/hard\libc_nano.a(libc_a-lock.o)
                0x2402857d                __lock___sfp_recursive_mutex
 *fill*         0x2402857e        0x2 
 .bss.__malloc_sbrk_start
                0x24028580        0x4 D:/stm32cubeide/STM32CubeIDE_1.16.0/STM32CubeIDE/plugins/com.st.stm32cube.ide.mcu.externaltools.gnu-tools-for-stm32.12.3.rel1.win32_1.0.200.202406191623/tools/bin/../lib/gcc/arm-none-eabi/12.3.1/../../../../arm-none-eabi/lib/thumb/v7e-m+dp/hard\libc_nano.a(libc_a-mallocr.o)
                0x24028580                __malloc_sbrk_start
 .bss.__malloc_free_list
                0x24028584        0x4 D:/stm32cubeide/STM32CubeIDE_1.16.0/STM32CubeIDE/plugins/com.st.stm32cube.ide.mcu.externaltools.gnu-tools-for-stm32.12.3.rel1.win32_1.0.200.202406191623/tools/bin/../lib/gcc/arm-none-eabi/12.3.1/../../../../arm-none-eabi/lib/thumb/v7e-m+dp/hard\libc_nano.a(libc_a-mallocr.o)
                0x24028584                __malloc_free_list
 *(COMMON)
                0x24028588                        . = ALIGN (0x4)
                0x24028588                        _ebss = .
                0x24028588                        __bss_end__ = _ebss

._user_heap_stack
                0x24028588      0x600 load address 0x080bf040
                0x24028588                        . = ALIGN (0x8)
                [!provide]                        PROVIDE (end = .)
                0x24028588                        PROVIDE (_end = .)
                0x24028788                        . = (. + _Min_Heap_Size)
 *fill*         0x24028588      0x200 
                0x24028b88                        . = (. + _Min_Stack_Size)
 *fill*         0x24028788      0x400 
                0x24028b88                        . = ALIGN (0x8)

/DISCARD/
 libc.a(*)
 libm.a(*)
 libgcc.a(*)

.ARM.attributes
                0x00000000       0x2e
 *(.ARM.attributes)
 .ARM.attributes
                0x00000000       0x20 D:/stm32cubeide/STM32CubeIDE_1.16.0/STM32CubeIDE/plugins/com.st.stm32cube.ide.mcu.externaltools.gnu-tools-for-stm32.12.3.rel1.win32_1.0.200.202406191623/tools/bin/../lib/gcc/arm-none-eabi/12.3.1/thumb/v7e-m+dp/hard/crti.o
 .ARM.attributes
                0x00000020       0x32 D:/stm32cubeide/STM32CubeIDE_1.16.0/STM32CubeIDE/plugins/com.st.stm32cube.ide.mcu.externaltools.gnu-tools-for-stm32.12.3.rel1.win32_1.0.200.202406191623/tools/bin/../lib/gcc/arm-none-eabi/12.3.1/thumb/v7e-m+dp/hard/crtbegin.o
 .ARM.attributes
                0x00000052       0x32 ./Core/Src/main.o
 .ARM.attributes
                0x00000084       0x32 ./Core/Src/stm32h7xx_hal_msp.o
 .ARM.attributes
                0x000000b6       0x32 ./Core/Src/stm32h7xx_it.o
 .ARM.attributes
                0x000000e8       0x32 ./Core/Src/syscalls.o
 .ARM.attributes
                0x0000011a       0x32 ./Core/Src/sysmem.o
 .ARM.attributes
                0x0000014c       0x32 ./Core/Src/system_stm32h7xx.o
 .ARM.attributes
                0x0000017e       0x21 ./Core/Startup/startup_stm32h743zitx.o
 .ARM.attributes
                0x0000019f       0x32 ./Core/nn/ConvolutionFunctions/arm_convolve_HWC_asym_uint8.o
 .ARM.attributes
                0x000001d1       0x32 ./Core/nn/ConvolutionFunctions/arm_depthwise_separable_conv_HWC_asym_uint8.o
 .ARM.attributes
                0x00000203       0x32 ./Core/nn/ConvolutionFunctions/arm_nn_mat_mult_kernel_asym_uint8_int16_reordered.o
 .ARM.attributes
                0x00000235       0x32 ./Core/nn/FullyConnectedFunctions/arm_fully_connected_asym_uint8.o
 .ARM.attributes
                0x00000267       0x32 ./Core/nn/NNSupportFunctions/arm_asym_uint8_to_int16_no_shift.o
 .ARM.attributes
                0x00000299       0x32 ./Core/nn/NNSupportFunctions/arm_asym_uint8_to_int16_reordered_no_shift.o
 .ARM.attributes
                0x000002cb       0x32 ./Core/nn/PoolingFunctions/arm_pool_asym_uint8_HWC.o
 .ARM.attributes
                0x000002fd       0x32 ./Drivers/STM32H7xx_HAL_Driver/Src/stm32h7xx_hal.o
 .ARM.attributes
                0x0000032f       0x32 ./Drivers/STM32H7xx_HAL_Driver/Src/stm32h7xx_hal_cortex.o
 .ARM.attributes
                0x00000361       0x32 ./Drivers/STM32H7xx_HAL_Driver/Src/stm32h7xx_hal_eth.o
 .ARM.attributes
                0x00000393       0x32 ./Drivers/STM32H7xx_HAL_Driver/Src/stm32h7xx_hal_gpio.o
 .ARM.attributes
                0x000003c5       0x32 ./Drivers/STM32H7xx_HAL_Driver/Src/stm32h7xx_hal_pcd.o
 .ARM.attributes
                0x000003f7       0x32 ./Drivers/STM32H7xx_HAL_Driver/Src/stm32h7xx_hal_pcd_ex.o
 .ARM.attributes
                0x00000429       0x32 ./Drivers/STM32H7xx_HAL_Driver/Src/stm32h7xx_hal_pwr_ex.o
 .ARM.attributes
                0x0000045b       0x32 ./Drivers/STM32H7xx_HAL_Driver/Src/stm32h7xx_hal_rcc.o
 .ARM.attributes
                0x0000048d       0x32 ./Drivers/STM32H7xx_HAL_Driver/Src/stm32h7xx_hal_rcc_ex.o
 .ARM.attributes
                0x000004bf       0x32 ./Drivers/STM32H7xx_HAL_Driver/Src/stm32h7xx_hal_uart.o
 .ARM.attributes
                0x000004f1       0x32 ./Drivers/STM32H7xx_HAL_Driver/Src/stm32h7xx_hal_uart_ex.o
 .ARM.attributes
                0x00000523       0x32 ./Drivers/STM32H7xx_HAL_Driver/Src/stm32h7xx_ll_usb.o
 .ARM.attributes
                0x00000555       0x32 D:/stm32cubeide/STM32CubeIDE_1.16.0/STM32CubeIDE/plugins/com.st.stm32cube.ide.mcu.externaltools.gnu-tools-for-stm32.12.3.rel1.win32_1.0.200.202406191623/tools/bin/../lib/gcc/arm-none-eabi/12.3.1/../../../../arm-none-eabi/lib/thumb/v7e-m+dp/hard\libc_nano.a(libc_a-findfp.o)
 .ARM.attributes
                0x00000587       0x32 D:/stm32cubeide/STM32CubeIDE_1.16.0/STM32CubeIDE/plugins/com.st.stm32cube.ide.mcu.externaltools.gnu-tools-for-stm32.12.3.rel1.win32_1.0.200.202406191623/tools/bin/../lib/gcc/arm-none-eabi/12.3.1/../../../../arm-none-eabi/lib/thumb/v7e-m+dp/hard\libc_nano.a(libc_a-fwalk.o)
 .ARM.attributes
                0x000005b9       0x32 D:/stm32cubeide/STM32CubeIDE_1.16.0/STM32CubeIDE/plugins/com.st.stm32cube.ide.mcu.externaltools.gnu-tools-for-stm32.12.3.rel1.win32_1.0.200.202406191623/tools/bin/../lib/gcc/arm-none-eabi/12.3.1/../../../../arm-none-eabi/lib/thumb/v7e-m+dp/hard\libc_nano.a(libc_a-printf.o)
 .ARM.attributes
                0x000005eb       0x32 D:/stm32cubeide/STM32CubeIDE_1.16.0/STM32CubeIDE/plugins/com.st.stm32cube.ide.mcu.externaltools.gnu-tools-for-stm32.12.3.rel1.win32_1.0.200.202406191623/tools/bin/../lib/gcc/arm-none-eabi/12.3.1/../../../../arm-none-eabi/lib/thumb/v7e-m+dp/hard\libc_nano.a(libc_a-stdio.o)
 .ARM.attributes
                0x0000061d       0x32 D:/stm32cubeide/STM32CubeIDE_1.16.0/STM32CubeIDE/plugins/com.st.stm32cube.ide.mcu.externaltools.gnu-tools-for-stm32.12.3.rel1.win32_1.0.200.202406191623/tools/bin/../lib/gcc/arm-none-eabi/12.3.1/../../../../arm-none-eabi/lib/thumb/v7e-m+dp/hard\libc_nano.a(libc_a-memset.o)
 .ARM.attributes
                0x0000064f       0x32 D:/stm32cubeide/STM32CubeIDE_1.16.0/STM32CubeIDE/plugins/com.st.stm32cube.ide.mcu.externaltools.gnu-tools-for-stm32.12.3.rel1.win32_1.0.200.202406191623/tools/bin/../lib/gcc/arm-none-eabi/12.3.1/../../../../arm-none-eabi/lib/thumb/v7e-m+dp/hard\libc_nano.a(libc_a-closer.o)
 .ARM.attributes
                0x00000681       0x32 D:/stm32cubeide/STM32CubeIDE_1.16.0/STM32CubeIDE/plugins/com.st.stm32cube.ide.mcu.externaltools.gnu-tools-for-stm32.12.3.rel1.win32_1.0.200.202406191623/tools/bin/../lib/gcc/arm-none-eabi/12.3.1/../../../../arm-none-eabi/lib/thumb/v7e-m+dp/hard\libc_nano.a(libc_a-reent.o)
 .ARM.attributes
                0x000006b3       0x32 D:/stm32cubeide/STM32CubeIDE_1.16.0/STM32CubeIDE/plugins/com.st.stm32cube.ide.mcu.externaltools.gnu-tools-for-stm32.12.3.rel1.win32_1.0.200.202406191623/tools/bin/../lib/gcc/arm-none-eabi/12.3.1/../../../../arm-none-eabi/lib/thumb/v7e-m+dp/hard\libc_nano.a(libc_a-impure.o)
 .ARM.attributes
                0x000006e5       0x32 D:/stm32cubeide/STM32CubeIDE_1.16.0/STM32CubeIDE/plugins/com.st.stm32cube.ide.mcu.externaltools.gnu-tools-for-stm32.12.3.rel1.win32_1.0.200.202406191623/tools/bin/../lib/gcc/arm-none-eabi/12.3.1/../../../../arm-none-eabi/lib/thumb/v7e-m+dp/hard\libc_nano.a(libc_a-lseekr.o)
 .ARM.attributes
                0x00000717       0x32 D:/stm32cubeide/STM32CubeIDE_1.16.0/STM32CubeIDE/plugins/com.st.stm32cube.ide.mcu.externaltools.gnu-tools-for-stm32.12.3.rel1.win32_1.0.200.202406191623/tools/bin/../lib/gcc/arm-none-eabi/12.3.1/../../../../arm-none-eabi/lib/thumb/v7e-m+dp/hard\libc_nano.a(libc_a-readr.o)
 .ARM.attributes
                0x00000749       0x32 D:/stm32cubeide/STM32CubeIDE_1.16.0/STM32CubeIDE/plugins/com.st.stm32cube.ide.mcu.externaltools.gnu-tools-for-stm32.12.3.rel1.win32_1.0.200.202406191623/tools/bin/../lib/gcc/arm-none-eabi/12.3.1/../../../../arm-none-eabi/lib/thumb/v7e-m+dp/hard\libc_nano.a(libc_a-writer.o)
 .ARM.attributes
                0x0000077b       0x32 D:/stm32cubeide/STM32CubeIDE_1.16.0/STM32CubeIDE/plugins/com.st.stm32cube.ide.mcu.externaltools.gnu-tools-for-stm32.12.3.rel1.win32_1.0.200.202406191623/tools/bin/../lib/gcc/arm-none-eabi/12.3.1/../../../../arm-none-eabi/lib/thumb/v7e-m+dp/hard\libc_nano.a(libc_a-errno.o)
 .ARM.attributes
                0x000007ad       0x32 D:/stm32cubeide/STM32CubeIDE_1.16.0/STM32CubeIDE/plugins/com.st.stm32cube.ide.mcu.externaltools.gnu-tools-for-stm32.12.3.rel1.win32_1.0.200.202406191623/tools/bin/../lib/gcc/arm-none-eabi/12.3.1/../../../../arm-none-eabi/lib/thumb/v7e-m+dp/hard\libc_nano.a(libc_a-init.o)
 .ARM.attributes
                0x000007df       0x32 D:/stm32cubeide/STM32CubeIDE_1.16.0/STM32CubeIDE/plugins/com.st.stm32cube.ide.mcu.externaltools.gnu-tools-for-stm32.12.3.rel1.win32_1.0.200.202406191623/tools/bin/../lib/gcc/arm-none-eabi/12.3.1/../../../../arm-none-eabi/lib/thumb/v7e-m+dp/hard\libc_nano.a(libc_a-lock.o)
 .ARM.attributes
                0x00000811       0x32 D:/stm32cubeide/STM32CubeIDE_1.16.0/STM32CubeIDE/plugins/com.st.stm32cube.ide.mcu.externaltools.gnu-tools-for-stm32.12.3.rel1.win32_1.0.200.202406191623/tools/bin/../lib/gcc/arm-none-eabi/12.3.1/../../../../arm-none-eabi/lib/thumb/v7e-m+dp/hard\libc_nano.a(libc_a-memcpy-stub.o)
 .ARM.attributes
                0x00000843       0x32 D:/stm32cubeide/STM32CubeIDE_1.16.0/STM32CubeIDE/plugins/com.st.stm32cube.ide.mcu.externaltools.gnu-tools-for-stm32.12.3.rel1.win32_1.0.200.202406191623/tools/bin/../lib/gcc/arm-none-eabi/12.3.1/../../../../arm-none-eabi/lib/thumb/v7e-m+dp/hard\libc_nano.a(libc_a-freer.o)
 .ARM.attributes
                0x00000875       0x32 D:/stm32cubeide/STM32CubeIDE_1.16.0/STM32CubeIDE/plugins/com.st.stm32cube.ide.mcu.externaltools.gnu-tools-for-stm32.12.3.rel1.win32_1.0.200.202406191623/tools/bin/../lib/gcc/arm-none-eabi/12.3.1/../../../../arm-none-eabi/lib/thumb/v7e-m+dp/hard\libc_nano.a(libc_a-mallocr.o)
 .ARM.attributes
                0x000008a7       0x32 D:/stm32cubeide/STM32CubeIDE_1.16.0/STM32CubeIDE/plugins/com.st.stm32cube.ide.mcu.externaltools.gnu-tools-for-stm32.12.3.rel1.win32_1.0.200.202406191623/tools/bin/../lib/gcc/arm-none-eabi/12.3.1/../../../../arm-none-eabi/lib/thumb/v7e-m+dp/hard\libc_nano.a(libc_a-mlock.o)
 .ARM.attributes
                0x000008d9       0x32 D:/stm32cubeide/STM32CubeIDE_1.16.0/STM32CubeIDE/plugins/com.st.stm32cube.ide.mcu.externaltools.gnu-tools-for-stm32.12.3.rel1.win32_1.0.200.202406191623/tools/bin/../lib/gcc/arm-none-eabi/12.3.1/../../../../arm-none-eabi/lib/thumb/v7e-m+dp/hard\libc_nano.a(libc_a-nano-vfprintf.o)
 .ARM.attributes
                0x0000090b       0x32 D:/stm32cubeide/STM32CubeIDE_1.16.0/STM32CubeIDE/plugins/com.st.stm32cube.ide.mcu.externaltools.gnu-tools-for-stm32.12.3.rel1.win32_1.0.200.202406191623/tools/bin/../lib/gcc/arm-none-eabi/12.3.1/../../../../arm-none-eabi/lib/thumb/v7e-m+dp/hard\libc_nano.a(libc_a-nano-vfprintf_i.o)
 .ARM.attributes
                0x0000093d       0x32 D:/stm32cubeide/STM32CubeIDE_1.16.0/STM32CubeIDE/plugins/com.st.stm32cube.ide.mcu.externaltools.gnu-tools-for-stm32.12.3.rel1.win32_1.0.200.202406191623/tools/bin/../lib/gcc/arm-none-eabi/12.3.1/../../../../arm-none-eabi/lib/thumb/v7e-m+dp/hard\libc_nano.a(libc_a-fflush.o)
 .ARM.attributes
                0x0000096f       0x32 D:/stm32cubeide/STM32CubeIDE_1.16.0/STM32CubeIDE/plugins/com.st.stm32cube.ide.mcu.externaltools.gnu-tools-for-stm32.12.3.rel1.win32_1.0.200.202406191623/tools/bin/../lib/gcc/arm-none-eabi/12.3.1/../../../../arm-none-eabi/lib/thumb/v7e-m+dp/hard\libc_nano.a(libc_a-wbuf.o)
 .ARM.attributes
                0x000009a1       0x32 D:/stm32cubeide/STM32CubeIDE_1.16.0/STM32CubeIDE/plugins/com.st.stm32cube.ide.mcu.externaltools.gnu-tools-for-stm32.12.3.rel1.win32_1.0.200.202406191623/tools/bin/../lib/gcc/arm-none-eabi/12.3.1/../../../../arm-none-eabi/lib/thumb/v7e-m+dp/hard\libc_nano.a(libc_a-wsetup.o)
 .ARM.attributes
                0x000009d3       0x32 D:/stm32cubeide/STM32CubeIDE_1.16.0/STM32CubeIDE/plugins/com.st.stm32cube.ide.mcu.externaltools.gnu-tools-for-stm32.12.3.rel1.win32_1.0.200.202406191623/tools/bin/../lib/gcc/arm-none-eabi/12.3.1/../../../../arm-none-eabi/lib/thumb/v7e-m+dp/hard\libc_nano.a(libc_a-sbrkr.o)
 .ARM.attributes
                0x00000a05       0x1c D:/stm32cubeide/STM32CubeIDE_1.16.0/STM32CubeIDE/plugins/com.st.stm32cube.ide.mcu.externaltools.gnu-tools-for-stm32.12.3.rel1.win32_1.0.200.202406191623/tools/bin/../lib/gcc/arm-none-eabi/12.3.1/../../../../arm-none-eabi/lib/thumb/v7e-m+dp/hard\libc_nano.a(libc_a-memchr.o)
 .ARM.attributes
                0x00000a21       0x32 D:/stm32cubeide/STM32CubeIDE_1.16.0/STM32CubeIDE/plugins/com.st.stm32cube.ide.mcu.externaltools.gnu-tools-for-stm32.12.3.rel1.win32_1.0.200.202406191623/tools/bin/../lib/gcc/arm-none-eabi/12.3.1/../../../../arm-none-eabi/lib/thumb/v7e-m+dp/hard\libc_nano.a(libc_a-makebuf.o)
 .ARM.attributes
                0x00000a53       0x32 D:/stm32cubeide/STM32CubeIDE_1.16.0/STM32CubeIDE/plugins/com.st.stm32cube.ide.mcu.externaltools.gnu-tools-for-stm32.12.3.rel1.win32_1.0.200.202406191623/tools/bin/../lib/gcc/arm-none-eabi/12.3.1/../../../../arm-none-eabi/lib/thumb/v7e-m+dp/hard\libc_nano.a(libc_a-fstatr.o)
 .ARM.attributes
                0x00000a85       0x32 D:/stm32cubeide/STM32CubeIDE_1.16.0/STM32CubeIDE/plugins/com.st.stm32cube.ide.mcu.externaltools.gnu-tools-for-stm32.12.3.rel1.win32_1.0.200.202406191623/tools/bin/../lib/gcc/arm-none-eabi/12.3.1/../../../../arm-none-eabi/lib/thumb/v7e-m+dp/hard\libc_nano.a(libc_a-isattyr.o)
 .ARM.attributes
                0x00000ab7       0x20 D:/stm32cubeide/STM32CubeIDE_1.16.0/STM32CubeIDE/plugins/com.st.stm32cube.ide.mcu.externaltools.gnu-tools-for-stm32.12.3.rel1.win32_1.0.200.202406191623/tools/bin/../lib/gcc/arm-none-eabi/12.3.1/thumb/v7e-m+dp/hard\libgcc.a(_aeabi_uldivmod.o)
 .ARM.attributes
                0x00000ad7       0x32 D:/stm32cubeide/STM32CubeIDE_1.16.0/STM32CubeIDE/plugins/com.st.stm32cube.ide.mcu.externaltools.gnu-tools-for-stm32.12.3.rel1.win32_1.0.200.202406191623/tools/bin/../lib/gcc/arm-none-eabi/12.3.1/thumb/v7e-m+dp/hard\libgcc.a(_udivmoddi4.o)
 .ARM.attributes
                0x00000b09       0x20 D:/stm32cubeide/STM32CubeIDE_1.16.0/STM32CubeIDE/plugins/com.st.stm32cube.ide.mcu.externaltools.gnu-tools-for-stm32.12.3.rel1.win32_1.0.200.202406191623/tools/bin/../lib/gcc/arm-none-eabi/12.3.1/thumb/v7e-m+dp/hard\libgcc.a(_dvmd_tls.o)
 .ARM.attributes
                0x00000b29       0x20 D:/stm32cubeide/STM32CubeIDE_1.16.0/STM32CubeIDE/plugins/com.st.stm32cube.ide.mcu.externaltools.gnu-tools-for-stm32.12.3.rel1.win32_1.0.200.202406191623/tools/bin/../lib/gcc/arm-none-eabi/12.3.1/thumb/v7e-m+dp/hard/crtn.o
OUTPUT(demo2.elf elf32-littlearm)
LOAD linker stubs
LOAD D:/stm32cubeide/STM32CubeIDE_1.16.0/STM32CubeIDE/plugins/com.st.stm32cube.ide.mcu.externaltools.gnu-tools-for-stm32.12.3.rel1.win32_1.0.200.202406191623/tools/bin/../lib/gcc/arm-none-eabi/12.3.1/../../../../arm-none-eabi/lib/thumb/v7e-m+dp/hard\libc.a
LOAD D:/stm32cubeide/STM32CubeIDE_1.16.0/STM32CubeIDE/plugins/com.st.stm32cube.ide.mcu.externaltools.gnu-tools-for-stm32.12.3.rel1.win32_1.0.200.202406191623/tools/bin/../lib/gcc/arm-none-eabi/12.3.1/../../../../arm-none-eabi/lib/thumb/v7e-m+dp/hard\libm.a
LOAD D:/stm32cubeide/STM32CubeIDE_1.16.0/STM32CubeIDE/plugins/com.st.stm32cube.ide.mcu.externaltools.gnu-tools-for-stm32.12.3.rel1.win32_1.0.200.202406191623/tools/bin/../lib/gcc/arm-none-eabi/12.3.1/thumb/v7e-m+dp/hard\libgcc.a

.debug_info     0x00000000    0x1c685
 .debug_info    0x00000000     0x37d2 ./Core/Src/main.o
 .debug_info    0x000037d2     0x2511 ./Core/Src/stm32h7xx_hal_msp.o
 .debug_info    0x00005ce3      0x128 ./Core/Src/stm32h7xx_it.o
 .debug_info    0x00005e0b      0x6a3 ./Core/Src/syscalls.o
 .debug_info    0x000064ae      0x168 ./Core/Src/sysmem.o
 .debug_info    0x00006616      0xcef ./Core/Src/system_stm32h7xx.o
 .debug_info    0x00007305       0x30 ./Core/Startup/startup_stm32h743zitx.o
 .debug_info    0x00007335      0x79a ./Core/nn/ConvolutionFunctions/arm_convolve_HWC_asym_uint8.o
 .debug_info    0x00007acf      0xc0d ./Core/nn/ConvolutionFunctions/arm_depthwise_separable_conv_HWC_asym_uint8.o
 .debug_info    0x000086dc      0x87f ./Core/nn/ConvolutionFunctions/arm_nn_mat_mult_kernel_asym_uint8_int16_reordered.o
 .debug_info    0x00008f5b      0x92e ./Core/nn/FullyConnectedFunctions/arm_fully_connected_asym_uint8.o
 .debug_info    0x00009889      0x33e ./Core/nn/NNSupportFunctions/arm_asym_uint8_to_int16_no_shift.o
 .debug_info    0x00009bc7      0x392 ./Core/nn/NNSupportFunctions/arm_asym_uint8_to_int16_reordered_no_shift.o
 .debug_info    0x00009f59      0x74d ./Core/nn/PoolingFunctions/arm_pool_asym_uint8_HWC.o
 .debug_info    0x0000a6a6     0x153b ./Drivers/STM32H7xx_HAL_Driver/Src/stm32h7xx_hal.o
 .debug_info    0x0000bbe1     0x10ac ./Drivers/STM32H7xx_HAL_Driver/Src/stm32h7xx_hal_cortex.o
 .debug_info    0x0000cc8d     0x2a30 ./Drivers/STM32H7xx_HAL_Driver/Src/stm32h7xx_hal_eth.o
 .debug_info    0x0000f6bd      0xc4b ./Drivers/STM32H7xx_HAL_Driver/Src/stm32h7xx_hal_gpio.o
 .debug_info    0x00010308     0x1561 ./Drivers/STM32H7xx_HAL_Driver/Src/stm32h7xx_hal_pcd.o
 .debug_info    0x00011869      0x8b3 ./Drivers/STM32H7xx_HAL_Driver/Src/stm32h7xx_hal_pcd_ex.o
 .debug_info    0x0001211c     0x1008 ./Drivers/STM32H7xx_HAL_Driver/Src/stm32h7xx_hal_pwr_ex.o
 .debug_info    0x00013124      0xe5b ./Drivers/STM32H7xx_HAL_Driver/Src/stm32h7xx_hal_rcc.o
 .debug_info    0x00013f7f     0x1216 ./Drivers/STM32H7xx_HAL_Driver/Src/stm32h7xx_hal_rcc_ex.o
 .debug_info    0x00015195     0x4b13 ./Drivers/STM32H7xx_HAL_Driver/Src/stm32h7xx_hal_uart.o
 .debug_info    0x00019ca8      0xfbf ./Drivers/STM32H7xx_HAL_Driver/Src/stm32h7xx_hal_uart_ex.o
 .debug_info    0x0001ac67     0x1a1e ./Drivers/STM32H7xx_HAL_Driver/Src/stm32h7xx_ll_usb.o

.debug_abbrev   0x00000000     0x3794
 .debug_abbrev  0x00000000      0x395 ./Core/Src/main.o
 .debug_abbrev  0x00000395      0x28f ./Core/Src/stm32h7xx_hal_msp.o
 .debug_abbrev  0x00000624       0x73 ./Core/Src/stm32h7xx_it.o
 .debug_abbrev  0x00000697      0x1b6 ./Core/Src/syscalls.o
 .debug_abbrev  0x0000084d       0xbc ./Core/Src/sysmem.o
 .debug_abbrev  0x00000909      0x14c ./Core/Src/system_stm32h7xx.o
 .debug_abbrev  0x00000a55       0x24 ./Core/Startup/startup_stm32h743zitx.o
 .debug_abbrev  0x00000a79      0x257 ./Core/nn/ConvolutionFunctions/arm_convolve_HWC_asym_uint8.o
 .debug_abbrev  0x00000cd0      0x21a ./Core/nn/ConvolutionFunctions/arm_depthwise_separable_conv_HWC_asym_uint8.o
 .debug_abbrev  0x00000eea      0x179 ./Core/nn/ConvolutionFunctions/arm_nn_mat_mult_kernel_asym_uint8_int16_reordered.o
 .debug_abbrev  0x00001063      0x1c9 ./Core/nn/FullyConnectedFunctions/arm_fully_connected_asym_uint8.o
 .debug_abbrev  0x0000122c      0x132 ./Core/nn/NNSupportFunctions/arm_asym_uint8_to_int16_no_shift.o
 .debug_abbrev  0x0000135e      0x132 ./Core/nn/NNSupportFunctions/arm_asym_uint8_to_int16_reordered_no_shift.o
 .debug_abbrev  0x00001490      0x225 ./Core/nn/PoolingFunctions/arm_pool_asym_uint8_HWC.o
 .debug_abbrev  0x000016b5      0x295 ./Drivers/STM32H7xx_HAL_Driver/Src/stm32h7xx_hal.o
 .debug_abbrev  0x0000194a      0x339 ./Drivers/STM32H7xx_HAL_Driver/Src/stm32h7xx_hal_cortex.o
 .debug_abbrev  0x00001c83      0x347 ./Drivers/STM32H7xx_HAL_Driver/Src/stm32h7xx_hal_eth.o
 .debug_abbrev  0x00001fca      0x1fe ./Drivers/STM32H7xx_HAL_Driver/Src/stm32h7xx_hal_gpio.o
 .debug_abbrev  0x000021c8      0x2dc ./Drivers/STM32H7xx_HAL_Driver/Src/stm32h7xx_hal_pcd.o
 .debug_abbrev  0x000024a4      0x256 ./Drivers/STM32H7xx_HAL_Driver/Src/stm32h7xx_hal_pcd_ex.o
 .debug_abbrev  0x000026fa      0x2a7 ./Drivers/STM32H7xx_HAL_Driver/Src/stm32h7xx_hal_pwr_ex.o
 .debug_abbrev  0x000029a1      0x2c8 ./Drivers/STM32H7xx_HAL_Driver/Src/stm32h7xx_hal_rcc.o
 .debug_abbrev  0x00002c69      0x269 ./Drivers/STM32H7xx_HAL_Driver/Src/stm32h7xx_hal_rcc_ex.o
 .debug_abbrev  0x00002ed2      0x33d ./Drivers/STM32H7xx_HAL_Driver/Src/stm32h7xx_hal_uart.o
 .debug_abbrev  0x0000320f      0x2d2 ./Drivers/STM32H7xx_HAL_Driver/Src/stm32h7xx_hal_uart_ex.o
 .debug_abbrev  0x000034e1      0x2b3 ./Drivers/STM32H7xx_HAL_Driver/Src/stm32h7xx_ll_usb.o

.debug_aranges  0x00000000     0x1158
 .debug_aranges
                0x00000000       0x58 ./Core/Src/main.o
 .debug_aranges
                0x00000058       0x50 ./Core/Src/stm32h7xx_hal_msp.o
 .debug_aranges
                0x000000a8       0x60 ./Core/Src/stm32h7xx_it.o
 .debug_aranges
                0x00000108       0xa8 ./Core/Src/syscalls.o
 .debug_aranges
                0x000001b0       0x20 ./Core/Src/sysmem.o
 .debug_aranges
                0x000001d0       0x28 ./Core/Src/system_stm32h7xx.o
 .debug_aranges
                0x000001f8       0x28 ./Core/Startup/startup_stm32h743zitx.o
 .debug_aranges
                0x00000220       0x30 ./Core/nn/ConvolutionFunctions/arm_convolve_HWC_asym_uint8.o
 .debug_aranges
                0x00000250       0x28 ./Core/nn/ConvolutionFunctions/arm_depthwise_separable_conv_HWC_asym_uint8.o
 .debug_aranges
                0x00000278       0x30 ./Core/nn/ConvolutionFunctions/arm_nn_mat_mult_kernel_asym_uint8_int16_reordered.o
 .debug_aranges
                0x000002a8       0x30 ./Core/nn/FullyConnectedFunctions/arm_fully_connected_asym_uint8.o
 .debug_aranges
                0x000002d8       0x20 ./Core/nn/NNSupportFunctions/arm_asym_uint8_to_int16_no_shift.o
 .debug_aranges
                0x000002f8       0x20 ./Core/nn/NNSupportFunctions/arm_asym_uint8_to_int16_reordered_no_shift.o
 .debug_aranges
                0x00000318       0x40 ./Core/nn/PoolingFunctions/arm_pool_asym_uint8_HWC.o
 .debug_aranges
                0x00000358      0x198 ./Drivers/STM32H7xx_HAL_Driver/Src/stm32h7xx_hal.o
 .debug_aranges
                0x000004f0      0x130 ./Drivers/STM32H7xx_HAL_Driver/Src/stm32h7xx_hal_cortex.o
 .debug_aranges
                0x00000620      0x1d8 ./Drivers/STM32H7xx_HAL_Driver/Src/stm32h7xx_hal_eth.o
 .debug_aranges
                0x000007f8       0x58 ./Drivers/STM32H7xx_HAL_Driver/Src/stm32h7xx_hal_gpio.o
 .debug_aranges
                0x00000850      0x140 ./Drivers/STM32H7xx_HAL_Driver/Src/stm32h7xx_hal_pcd.o
 .debug_aranges
                0x00000990       0x60 ./Drivers/STM32H7xx_HAL_Driver/Src/stm32h7xx_hal_pcd_ex.o
 .debug_aranges
                0x000009f0      0x158 ./Drivers/STM32H7xx_HAL_Driver/Src/stm32h7xx_hal_pwr_ex.o
 .debug_aranges
                0x00000b48       0x88 ./Drivers/STM32H7xx_HAL_Driver/Src/stm32h7xx_hal_rcc.o
 .debug_aranges
                0x00000bd0       0xf8 ./Drivers/STM32H7xx_HAL_Driver/Src/stm32h7xx_hal_rcc_ex.o
 .debug_aranges
                0x00000cc8      0x248 ./Drivers/STM32H7xx_HAL_Driver/Src/stm32h7xx_hal_uart.o
 .debug_aranges
                0x00000f10       0xa8 ./Drivers/STM32H7xx_HAL_Driver/Src/stm32h7xx_hal_uart_ex.o
 .debug_aranges